{
  "count": 160,
  "degraded": 0,
  "stages_ms": {
    "chroma_query_ms": {
      "count": 160,
      "min": 4.108,
      "p50": 4.802,
      "p95": 6.341,
      "p99": 7.68,
      "max": 22.117,
      "mean": 5.08863125
    },
    "closet_query_ms": {
      "count": 160,
      "min": 0.186,
      "p50": 0.28,
      "p95": 0.53,
      "p99": 0.851,
      "max": 1.279,
      "mean": 0.31503125
    },
    "embedding_ms": {
      "count": 160,
      "min": 1.467,
      "p50": 1.759,
      "p95": 2.611,
      "p99": 2.779,
      "max": 3.621,
      "mean": 1.8731125
    },
    "hnsw_probe_ms": {
      "count": 160,
      "min": 0.704,
      "p50": 0.813,
      "p95": 1.155,
      "p99": 1.558,
      "max": 4.009,
      "mean": 0.8909
    },
    "kg_expand_ms": {
      "count": 160,
      "min": 0.004,
      "p50": 0.005,
      "p95": 0.009,
      "p99": 0.017,
      "max": 0.026,
      "mean": 0.005675
    },
    "lexical_query_ms": {
      "count": 160,
      "min": 0.345,
      "p50": 0.522,
      "p95": 1.009,
      "p99": 1.322,
      "max": 2.887,
      "mean": 0.64114375
    },
    "recall_total_ms": {
      "count": 160,
      "min": 13.53,
      "p50": 16.4,
      "p95": 19.57,
      "p99": 26.486,
      "max": 81.571,
      "mean": 17.0065625
    },
    "rerank_policy_ms": {
      "count": 160,
      "min": 1.026,
      "p50": 1.125,
      "p95": 1.278,
      "p99": 1.495,
      "max": 2.163,
      "mean": 1.14441875
    },
    "scope_resolution_ms": {
      "count": 160,
      "min": 0.006,
      "p50": 0.009,
      "p95": 0.016,
      "p99": 0.045,
      "max": 0.093,
      "mean": 0.01075625
    },
    "storage_open_ms": {
      "count": 160,
      "min": 0.897,
      "p50": 1.239,
      "p95": 2.011,
      "p99": 2.665,
      "max": 27.295,
      "mean": 1.47476875
    },
    "storage_rank_ms": {
      "count": 160,
      "min": 0.687,
      "p50": 0.727,
      "p95": 1.102,
      "p99": 1.572,
      "max": 2.501,
      "mean": 0.80376875
    },
    "theme_ms": {
      "count": 160,
      "min": 3.172,
      "p50": 4.071,
      "p95": 5.051,
      "p99": 6.088,
      "max": 15.711,
      "mean": 4.185025
    },
    "vector_pipeline_ms": {
      "count": 160,
      "min": 10.154,
      "p50": 12.097,
      "p95": 14.446,
      "p99": 19.651,
      "max": 65.039,
      "mean": 12.68751875
    },
    "vector_storage_total_ms": {
      "count": 160,
      "min": 8.748,
      "p50": 10.589,
      "p95": 12.929,
      "p99": 16.422,
      "max": 61.847,
      "mean": 11.1226375
    },
    "vector_total_ms": {
      "count": 160,
      "min": 10.157,
      "p50": 12.101,
      "p95": 14.45,
      "p99": 19.659,
      "max": 65.071,
      "mean": 12.69115625
    }
  }
}
[probe] wrote /Users/manson/ai/eidolon/eidolon_memory/benchmarks/results/recall-concurrency-20261005/after-chat-uncached.json
