{
  "count": 160,
  "degraded": 0,
  "stages_ms": {
    "chroma_query_ms": {
      "count": 160,
      "min": 3.891,
      "p50": 4.036,
      "p95": 4.168,
      "p99": 4.233,
      "max": 4.316,
      "mean": 4.03645
    },
    "closet_query_ms": {
      "count": 160,
      "min": 0.153,
      "p50": 0.184,
      "p95": 0.237,
      "p99": 0.257,
      "max": 0.287,
      "mean": 0.18963125
    },
    "embedding_ms": {
      "count": 160,
      "min": 0.001,
      "p50": 0.002,
      "p95": 0.002,
      "p99": 0.003,
      "max": 0.004,
      "mean": 0.00196875
    },
    "hnsw_probe_ms": {
      "count": 160,
      "min": 0.654,
      "p50": 0.716,
      "p95": 0.774,
      "p99": 0.81,
      "max": 0.929,
      "mean": 0.71983125
    },
    "kg_expand_ms": {
      "count": 160,
      "min": 0.003,
      "p50": 0.004,
      "p95": 0.005,
      "p99": 0.006,
      "max": 0.007,
      "mean": 0.0040125000000000004
    },
    "lexical_query_ms": {
      "count": 160,
      "min": 0.266,
      "p50": 0.361,
      "p95": 0.777,
      "p99": 0.833,
      "max": 0.852,
      "mean": 0.44141874999999997
    },
    "recall_total_ms": {
      "count": 160,
      "min": 10.701,
      "p50": 11.667,
      "p95": 12.568,
      "p99": 12.891,
      "max": 14.381,
      "mean": 11.725625
    },
    "rerank_policy_ms": {
      "count": 160,
      "min": 0.968,
      "p50": 1.058,
      "p95": 1.121,
      "p99": 1.136,
      "max": 1.147,
      "mean": 1.05883125
    },
    "scope_resolution_ms": {
      "count": 160,
      "min": 0.005,
      "p50": 0.007,
      "p95": 0.01,
      "p99": 0.011,
      "max": 0.012,
      "mean": 0.00736875
    },
    "storage_open_ms": {
      "count": 160,
      "min": 0.729,
      "p50": 0.832,
      "p95": 0.95,
      "p99": 0.977,
      "max": 1.022,
      "mean": 0.8402625
    },
    "storage_rank_ms": {
      "count": 160,
      "min": 0.656,
      "p50": 0.682,
      "p95": 0.715,
      "p99": 0.728,
      "max": 2.446,
      "mean": 0.69674375
    },
    "theme_ms": {
      "count": 160,
      "min": 2.792,
      "p50": 3.247,
      "p95": 3.732,
      "p99": 3.918,
      "max": 4.219,
      "mean": 3.2840625
    },
    "vector_pipeline_ms": {
      "count": 160,
      "min": 7.79,
      "p50": 8.31,
      "p95": 8.813,
      "p99": 9.034,
      "max": 10.626,
      "mean": 8.343293749999999
    },
    "vector_storage_total_ms": {
      "count": 160,
      "min": 6.477,
      "p50": 6.907,
      "p95": 7.432,
      "p99": 7.56,
      "max": 9.196,
      "mean": 6.94961875
    },
    "vector_total_ms": {
      "count": 160,
      "min": 7.792,
      "p50": 8.313,
      "p95": 8.816,
      "p99": 9.037,
      "max": 10.629,
      "mean": 8.34588125
    }
  }
}
[probe] wrote /Users/manson/ai/eidolon/eidolon_memory/benchmarks/results/recall-concurrency-20261005/after-chat-warm.json
