{
  "count": 160,
  "degraded": 0,
  "stages_ms": {
    "chroma_query_ms": {
      "count": 160,
      "min": 3.952,
      "p50": 4.111,
      "p95": 4.357,
      "p99": 4.542,
      "max": 4.623,
      "mean": 4.133375
    },
    "embedding_ms": {
      "count": 160,
      "min": 0.002,
      "p50": 0.002,
      "p95": 0.003,
      "p99": 0.004,
      "max": 0.005,
      "mean": 0.00223125
    },
    "hnsw_probe_ms": {
      "count": 160,
      "min": 0.905,
      "p50": 1.038,
      "p95": 1.148,
      "p99": 1.239,
      "max": 1.434,
      "mean": 1.0447375
    },
    "kg_expand_ms": {
      "count": 160,
      "min": 0.096,
      "p50": 0.17,
      "p95": 0.591,
      "p99": 0.678,
      "max": 0.769,
      "mean": 0.3303125
    },
    "kg_seed_ms": {
      "count": 160,
      "min": 0.501,
      "p50": 0.639,
      "p95": 0.727,
      "p99": 0.801,
      "max": 0.83,
      "mean": 0.63848125
    },
    "lexical_query_ms": {
      "count": 160,
      "min": 0.298,
      "p50": 0.403,
      "p95": 0.814,
      "p99": 0.859,
      "max": 0.998,
      "mean": 0.4769875
    },
    "recall_total_ms": {
      "count": 160,
      "min": 11.396,
      "p50": 12.599,
      "p95": 14.128,
      "p99": 14.962,
      "max": 16.286,
      "mean": 12.69431875
    },
    "rerank_policy_ms": {
      "count": 160,
      "min": 1.004,
      "p50": 1.074,
      "p95": 1.151,
      "p99": 1.173,
      "max": 1.258,
      "mean": 1.08119375
    },
    "scope_resolution_ms": {
      "count": 160,
      "min": 0.005,
      "p50": 0.007,
      "p95": 0.01,
      "p99": 0.011,
      "max": 0.012,
      "mean": 0.007475
    },
    "storage_open_ms": {
      "count": 160,
      "min": 0.76,
      "p50": 0.887,
      "p95": 1.058,
      "p99": 1.178,
      "max": 1.384,
      "mean": 0.9039125
    },
    "storage_rank_ms": {
      "count": 160,
      "min": 0.663,
      "p50": 0.696,
      "p95": 0.749,
      "p99": 0.932,
      "max": 2.412,
      "mean": 0.71421875
    },
    "theme_ms": {
      "count": 160,
      "min": 2.979,
      "p50": 3.445,
      "p95": 4.13,
      "p99": 4.58,
      "max": 7.16,
      "mean": 3.49851875
    },
    "vector_pipeline_ms": {
      "count": 160,
      "min": 8.163,
      "p50": 8.679,
      "p95": 9.534,
      "p99": 9.997,
      "max": 10.509,
      "mean": 8.7598875
    },
    "vector_storage_total_ms": {
      "count": 160,
      "min": 6.762,
      "p50": 7.221,
      "p95": 7.948,
      "p99": 8.438,
      "max": 8.821,
      "mean": 7.2981125
    },
    "vector_total_ms": {
      "count": 160,
      "min": 8.166,
      "p50": 8.681,
      "p95": 9.537,
      "p99": 10.0,
      "max": 10.513,
      "mean": 8.762625
    }
  }
}
[probe] wrote /Users/manson/ai/eidolon/eidolon_memory/benchmarks/results/recall-concurrency-20261005/after-voice-warm.json
