{
  "count": 160,
  "degraded": 0,
  "stages_ms": {
    "chroma_query_ms": {
      "count": 160,
      "min": 4.067,
      "p50": 4.427,
      "p95": 5.742,
      "p99": 6.017,
      "max": 6.161,
      "mean": 4.663025
    },
    "embedding_ms": {
      "count": 160,
      "min": 1.461,
      "p50": 1.712,
      "p95": 2.289,
      "p99": 2.472,
      "max": 2.561,
      "mean": 1.77460625
    },
    "hnsw_probe_ms": {
      "count": 160,
      "min": 0.924,
      "p50": 1.09,
      "p95": 1.313,
      "p99": 1.415,
      "max": 1.562,
      "mean": 1.11299375
    },
    "kg_expand_ms": {
      "count": 160,
      "min": 0.106,
      "p50": 0.268,
      "p95": 0.701,
      "p99": 0.749,
      "max": 0.879,
      "mean": 0.3673
    },
    "kg_seed_ms": {
      "count": 160,
      "min": 0.494,
      "p50": 0.668,
      "p95": 0.871,
      "p99": 1.116,
      "max": 1.263,
      "mean": 0.690325
    },
    "lexical_query_ms": {
      "count": 160,
      "min": 0.348,
      "p50": 0.485,
      "p95": 0.952,
      "p99": 1.208,
      "max": 1.482,
      "mean": 0.57989375
    },
    "recall_total_ms": {
      "count": 160,
      "min": 13.831,
      "p50": 15.663,
      "p95": 18.465,
      "p99": 19.197,
      "max": 19.764,
      "mean": 16.0109875
    },
    "rerank_policy_ms": {
      "count": 160,
      "min": 1.04,
      "p50": 1.118,
      "p95": 1.234,
      "p99": 1.295,
      "max": 1.353,
      "mean": 1.1275375
    },
    "scope_resolution_ms": {
      "count": 160,
      "min": 0.006,
      "p50": 0.008,
      "p95": 0.013,
      "p99": 0.015,
      "max": 0.025,
      "mean": 0.0090125
    },
    "storage_open_ms": {
      "count": 160,
      "min": 0.867,
      "p50": 1.162,
      "p95": 1.609,
      "p99": 1.902,
      "max": 2.144,
      "mean": 1.20341875
    },
    "storage_rank_ms": {
      "count": 160,
      "min": 0.678,
      "p50": 0.722,
      "p95": 1.007,
      "p99": 1.093,
      "max": 2.697,
      "mean": 0.7655562499999999
    },
    "theme_ms": {
      "count": 160,
      "min": 3.085,
      "p50": 3.76,
      "p95": 4.657,
      "p99": 4.734,
      "max": 5.191,
      "mean": 3.8383625
    },
    "vector_pipeline_ms": {
      "count": 160,
      "min": 10.126,
      "p50": 11.433,
      "p95": 13.638,
      "p99": 14.07,
      "max": 14.37,
      "mean": 11.68664375
    },
    "vector_storage_total_ms": {
      "count": 160,
      "min": 8.666,
      "p50": 9.929,
      "p95": 11.999,
      "p99": 12.353,
      "max": 12.57,
      "mean": 10.130425
    },
    "vector_total_ms": {
      "count": 160,
      "min": 10.129,
      "p50": 11.436,
      "p95": 13.641,
      "p99": 14.073,
      "max": 14.373,
      "mean": 11.6900125
    }
  }
}
[probe] wrote /Users/manson/ai/eidolon/eidolon_memory/benchmarks/results/recall-concurrency-20261005/after-voice-uncached.json
