{
  "count": 160,
  "degraded": 0,
  "stages_ms": {
    "chroma_query_ms": {
      "count": 160,
      "min": 4.08,
      "p50": 4.329,
      "p95": 5.011,
      "p99": 5.948,
      "max": 6.801,
      "mean": 4.4408625
    },
    "closet_query_ms": {
      "count": 160,
      "min": 0.175,
      "p50": 0.234,
      "p95": 0.361,
      "p99": 0.498,
      "max": 1.158,
      "mean": 0.25325625
    },
    "embedding_ms": {
      "count": 160,
      "min": 1.477,
      "p50": 1.694,
      "p95": 1.971,
      "p99": 2.158,
      "max": 2.217,
      "mean": 1.71646875
    },
    "hnsw_probe_ms": {
      "count": 160,
      "min": 0.954,
      "p50": 1.066,
      "p95": 1.201,
      "p99": 1.231,
      "max": 1.303,
      "mean": 1.07033125
    },
    "kg_expand_ms": {
      "count": 160,
      "min": 0.103,
      "p50": 0.217,
      "p95": 0.645,
      "p99": 0.687,
      "max": 0.71,
      "mean": 0.3515875
    },
    "kg_seed_ms": {
      "count": 160,
      "min": 0.543,
      "p50": 0.643,
      "p95": 0.767,
      "p99": 0.817,
      "max": 0.833,
      "mean": 0.6537
    },
    "lexical_query_ms": {
      "count": 160,
      "min": 0.348,
      "p50": 0.452,
      "p95": 0.909,
      "p99": 0.944,
      "max": 0.974,
      "mean": 0.54239375
    },
    "recall_total_ms": {
      "count": 160,
      "min": 14.034,
      "p50": 15.314,
      "p95": 17.098,
      "p99": 19.91,
      "max": 21.36,
      "mean": 15.50595625
    },
    "rerank_policy_ms": {
      "count": 160,
      "min": 1.048,
      "p50": 1.116,
      "p95": 1.185,
      "p99": 1.22,
      "max": 1.655,
      "mean": 1.121225
    },
    "scope_resolution_ms": {
      "count": 160,
      "min": 0.006,
      "p50": 0.008,
      "p95": 0.01,
      "p99": 0.011,
      "max": 0.014,
      "mean": 0.00814375
    },
    "storage_open_ms": {
      "count": 160,
      "min": 0.892,
      "p50": 1.106,
      "p95": 1.33,
      "p99": 1.46,
      "max": 7.116,
      "mean": 1.15185
    },
    "storage_rank_ms": {
      "count": 160,
      "min": 0.681,
      "p50": 0.715,
      "p95": 0.809,
      "p99": 0.976,
      "max": 2.782,
      "mean": 0.73953125
    },
    "theme_ms": {
      "count": 160,
      "min": 3.093,
      "p50": 3.464,
      "p95": 4.088,
      "p99": 4.271,
      "max": 7.155,
      "mean": 3.57215625
    },
    "vector_pipeline_ms": {
      "count": 160,
      "min": 10.491,
      "p50": 11.317,
      "p95": 12.656,
      "p99": 14.695,
      "max": 17.552,
      "mean": 11.47485625
    },
    "vector_storage_total_ms": {
      "count": 160,
      "min": 9.027,
      "p50": 9.805,
      "p95": 11.211,
      "p99": 12.481,
      "max": 16.113,
      "mean": 9.94364375
    },
    "vector_total_ms": {
      "count": 160,
      "min": 10.493,
      "p50": 11.32,
      "p95": 12.659,
      "p99": 14.698,
      "max": 17.555,
      "mean": 11.4778125
    }
  }
}
[probe] wrote /Users/manson/ai/eidolon/eidolon_memory/benchmarks/results/recall-concurrency-20261005/after-chat-graph-uncached.json
