{
  "count": 160,
  "degraded": 0,
  "stages_ms": {
    "chroma_query_ms": {
      "count": 160,
      "min": 3.951,
      "p50": 4.404,
      "p95": 5.046,
      "p99": 8.159,
      "max": 12.3,
      "mean": 4.52410625
    },
    "closet_query_ms": {
      "count": 160,
      "min": 0.159,
      "p50": 0.277,
      "p95": 0.444,
      "p99": 0.832,
      "max": 0.85,
      "mean": 0.29739375
    },
    "embedding_ms": {
      "count": 160,
      "min": 0.002,
      "p50": 0.003,
      "p95": 0.004,
      "p99": 0.005,
      "max": 0.008,
      "mean": 0.00285
    },
    "hnsw_probe_ms": {
      "count": 160,
      "min": 0.943,
      "p50": 1.183,
      "p95": 1.495,
      "p99": 1.676,
      "max": 3.316,
      "mean": 1.22383125
    },
    "kg_expand_ms": {
      "count": 160,
      "min": 0.106,
      "p50": 0.478,
      "p95": 0.828,
      "p99": 1.038,
      "max": 1.592,
      "mean": 0.427175
    },
    "kg_seed_ms": {
      "count": 160,
      "min": 0.535,
      "p50": 0.727,
      "p95": 1.014,
      "p99": 1.122,
      "max": 2.177,
      "mean": 0.76205625
    },
    "lexical_query_ms": {
      "count": 160,
      "min": 0.292,
      "p50": 0.507,
      "p95": 0.974,
      "p99": 1.248,
      "max": 2.017,
      "mean": 0.60491875
    },
    "recall_total_ms": {
      "count": 160,
      "min": 12.092,
      "p50": 14.826,
      "p95": 19.111,
      "p99": 23.289,
      "max": 34.663,
      "mean": 15.113075
    },
    "rerank_policy_ms": {
      "count": 160,
      "min": 1.016,
      "p50": 1.125,
      "p95": 1.327,
      "p99": 2.216,
      "max": 2.854,
      "mean": 1.17135625
    },
    "scope_resolution_ms": {
      "count": 160,
      "min": 0.006,
      "p50": 0.009,
      "p95": 0.014,
      "p99": 0.026,
      "max": 0.041,
      "mean": 0.00971875
    },
    "storage_open_ms": {
      "count": 160,
      "min": 0.79,
      "p50": 1.148,
      "p95": 1.501,
      "p99": 2.849,
      "max": 3.274,
      "mean": 1.189725
    },
    "storage_rank_ms": {
      "count": 160,
      "min": 0.654,
      "p50": 0.719,
      "p95": 0.953,
      "p99": 2.03,
      "max": 4.029,
      "mean": 0.78456875
    },
    "theme_ms": {
      "count": 160,
      "min": 3.054,
      "p50": 4.2,
      "p95": 5.285,
      "p99": 6.226,
      "max": 10.963,
      "mean": 4.25988125
    },
    "vector_pipeline_ms": {
      "count": 160,
      "min": 8.417,
      "p50": 10.02,
      "p95": 12.722,
      "p99": 18.177,
      "max": 22.804,
      "mean": 10.28654375
    },
    "vector_storage_total_ms": {
      "count": 160,
      "min": 7.019,
      "p50": 8.447,
      "p95": 10.399,
      "p99": 16.382,
      "max": 19.724,
      "mean": 8.6603875
    },
    "vector_total_ms": {
      "count": 160,
      "min": 8.419,
      "p50": 10.024,
      "p95": 12.726,
      "p99": 18.182,
      "max": 22.812,
      "mean": 10.2904
    }
  }
}
[probe] wrote /Users/manson/ai/eidolon/eidolon_memory/benchmarks/results/recall-concurrency-20261005/after-chat-graph-warm.json
