{
  "count": 160,
  "degraded": 0,
  "stages_ms": {
    "chroma_query_ms": {
      "count": 160,
      "min": 3.876,
      "p50": 4.065,
      "p95": 4.185,
      "p99": 4.235,
      "max": 4.278,
      "mean": 4.06360625
    },
    "embedding_ms": {
      "count": 160,
      "min": 0.001,
      "p50": 0.002,
      "p95": 0.003,
      "p99": 0.003,
      "max": 0.003,
      "mean": 0.0021
    },
    "hnsw_probe_ms": {
      "count": 160,
      "min": 0.869,
      "p50": 1.016,
      "p95": 1.123,
      "p99": 1.165,
      "max": 1.209,
      "mean": 1.0221625
    },
    "kg_expand_ms": {
      "count": 160,
      "min": 0.092,
      "p50": 0.135,
      "p95": 0.562,
      "p99": 0.6,
      "max": 0.763,
      "mean": 0.31591875
    },
    "kg_seed_ms": {
      "count": 160,
      "min": 0.475,
      "p50": 0.62,
      "p95": 0.722,
      "p99": 0.755,
      "max": 0.827,
      "mean": 0.621125
    },
    "lexical_query_ms": {
      "count": 160,
      "min": 0.27,
      "p50": 0.369,
      "p95": 0.781,
      "p99": 0.823,
      "max": 0.835,
      "mean": 0.44785
    },
    "recall_total_ms": {
      "count": 160,
      "min": 11.304,
      "p50": 12.35,
      "p95": 12.968,
      "p99": 13.31,
      "max": 13.677,
      "mean": 12.3252875
    },
    "rerank_policy_ms": {
      "count": 160,
      "min": 0.968,
      "p50": 1.065,
      "p95": 1.133,
      "p99": 1.151,
      "max": 1.158,
      "mean": 1.06709375
    },
    "scope_resolution_ms": {
      "count": 160,
      "min": 0.006,
      "p50": 0.007,
      "p95": 0.009,
      "p99": 0.01,
      "max": 0.011,
      "mean": 0.0074125
    },
    "storage_open_ms": {
      "count": 160,
      "min": 0.736,
      "p50": 0.855,
      "p95": 0.995,
      "p99": 1.063,
      "max": 1.109,
      "mean": 0.87081875
    },
    "storage_rank_ms": {
      "count": 160,
      "min": 0.613,
      "p50": 0.682,
      "p95": 0.719,
      "p99": 0.729,
      "max": 2.312,
      "mean": 0.6918
    },
    "theme_ms": {
      "count": 160,
      "min": 2.957,
      "p50": 3.332,
      "p95": 3.772,
      "p99": 3.819,
      "max": 3.9,
      "mean": 3.35786875
    },
    "vector_pipeline_ms": {
      "count": 160,
      "min": 8.101,
      "p50": 8.539,
      "p95": 8.894,
      "p99": 9.157,
      "max": 9.956,
      "mean": 8.557
    },
    "vector_storage_total_ms": {
      "count": 160,
      "min": 6.684,
      "p50": 7.077,
      "p95": 7.458,
      "p99": 7.668,
      "max": 8.538,
      "mean": 7.1208375
    },
    "vector_total_ms": {
      "count": 160,
      "min": 8.104,
      "p50": 8.542,
      "p95": 8.898,
      "p99": 9.161,
      "max": 9.959,
      "mean": 8.5599
    }
  }
}
[probe] wrote /Users/manson/ai/eidolon/eidolon_memory/benchmarks/results/recall-concurrency-20261005/before-voice-warm.json
