{
  "count": 160,
  "degraded": 0,
  "stages_ms": {
    "chroma_query_ms": {
      "count": 160,
      "min": 4.149,
      "p50": 4.275,
      "p95": 4.492,
      "p99": 4.571,
      "max": 4.661,
      "mean": 4.29539375
    },
    "embedding_ms": {
      "count": 160,
      "min": 1.451,
      "p50": 1.636,
      "p95": 1.803,
      "p99": 1.859,
      "max": 1.965,
      "mean": 1.63988125
    },
    "hnsw_probe_ms": {
      "count": 160,
      "min": 0.924,
      "p50": 1.054,
      "p95": 1.205,
      "p99": 1.26,
      "max": 1.343,
      "mean": 1.06901875
    },
    "kg_expand_ms": {
      "count": 160,
      "min": 0.102,
      "p50": 0.242,
      "p95": 0.615,
      "p99": 0.652,
      "max": 0.667,
      "mean": 0.339875
    },
    "kg_seed_ms": {
      "count": 160,
      "min": 0.544,
      "p50": 0.656,
      "p95": 0.817,
      "p99": 0.899,
      "max": 0.979,
      "mean": 0.6649625
    },
    "lexical_query_ms": {
      "count": 160,
      "min": 0.345,
      "p50": 0.419,
      "p95": 0.844,
      "p99": 0.887,
      "max": 0.936,
      "mean": 0.50933125
    },
    "recall_total_ms": {
      "count": 160,
      "min": 13.782,
      "p50": 14.74,
      "p95": 15.378,
      "p99": 16.014,
      "max": 17.714,
      "mean": 14.74975625
    },
    "rerank_policy_ms": {
      "count": 160,
      "min": 1.037,
      "p50": 1.108,
      "p95": 1.166,
      "p99": 1.177,
      "max": 1.217,
      "mean": 1.1059
    },
    "scope_resolution_ms": {
      "count": 160,
      "min": 0.006,
      "p50": 0.007,
      "p95": 0.009,
      "p99": 0.011,
      "max": 0.013,
      "mean": 0.00739375
    },
    "storage_open_ms": {
      "count": 160,
      "min": 0.924,
      "p50": 1.073,
      "p95": 1.193,
      "p99": 1.275,
      "max": 1.437,
      "mean": 1.07078125
    },
    "storage_rank_ms": {
      "count": 160,
      "min": 0.664,
      "p50": 0.694,
      "p95": 0.783,
      "p99": 0.979,
      "max": 2.951,
      "mean": 0.72066875
    },
    "theme_ms": {
      "count": 160,
      "min": 3.098,
      "p50": 3.436,
      "p95": 3.853,
      "p99": 3.989,
      "max": 5.701,
      "mean": 3.48608125
    },
    "vector_pipeline_ms": {
      "count": 160,
      "min": 10.208,
      "p50": 10.805,
      "p95": 11.243,
      "p99": 11.698,
      "max": 13.388,
      "mean": 10.82658125
    },
    "vector_storage_total_ms": {
      "count": 160,
      "min": 8.765,
      "p50": 9.316,
      "p95": 9.771,
      "p99": 10.169,
      "max": 11.897,
      "mean": 9.33015625
    },
    "vector_total_ms": {
      "count": 160,
      "min": 10.211,
      "p50": 10.808,
      "p95": 11.246,
      "p99": 11.701,
      "max": 13.39,
      "mean": 10.829625
    }
  }
}
[probe] wrote /Users/manson/ai/eidolon/eidolon_memory/benchmarks/results/recall-concurrency-20261005/before-voice-uncached.json
