{
  "count": 160,
  "degraded": 0,
  "stages_ms": {
    "chroma_query_ms": {
      "count": 160,
      "min": 3.859,
      "p50": 4.144,
      "p95": 4.497,
      "p99": 4.62,
      "max": 6.384,
      "mean": 4.19446875
    },
    "closet_query_ms": {
      "count": 160,
      "min": 0.158,
      "p50": 0.224,
      "p95": 0.301,
      "p99": 0.35,
      "max": 0.4,
      "mean": 0.22710625
    },
    "embedding_ms": {
      "count": 160,
      "min": 0.001,
      "p50": 0.002,
      "p95": 0.003,
      "p99": 0.003,
      "max": 0.006,
      "mean": 0.00219375
    },
    "hnsw_probe_ms": {
      "count": 160,
      "min": 0.858,
      "p50": 1.062,
      "p95": 1.297,
      "p99": 1.376,
      "max": 1.448,
      "mean": 1.08514375
    },
    "kg_expand_ms": {
      "count": 160,
      "min": 0.09,
      "p50": 0.202,
      "p95": 0.664,
      "p99": 0.71,
      "max": 0.825,
      "mean": 0.34931875
    },
    "kg_seed_ms": {
      "count": 160,
      "min": 0.459,
      "p50": 0.658,
      "p95": 0.84,
      "p99": 0.951,
      "max": 1.023,
      "mean": 0.670875
    },
    "lexical_query_ms": {
      "count": 160,
      "min": 0.294,
      "p50": 0.438,
      "p95": 0.866,
      "p99": 0.899,
      "max": 0.909,
      "mean": 0.50205625
    },
    "recall_total_ms": {
      "count": 160,
      "min": 11.619,
      "p50": 12.91,
      "p95": 14.822,
      "p99": 15.109,
      "max": 17.354,
      "mean": 13.28321875
    },
    "rerank_policy_ms": {
      "count": 160,
      "min": 0.968,
      "p50": 1.089,
      "p95": 1.245,
      "p99": 1.305,
      "max": 1.38,
      "mean": 1.0973375
    },
    "scope_resolution_ms": {
      "count": 160,
      "min": 0.006,
      "p50": 0.008,
      "p95": 0.01,
      "p99": 0.012,
      "max": 0.014,
      "mean": 0.0079375
    },
    "storage_open_ms": {
      "count": 160,
      "min": 0.746,
      "p50": 0.941,
      "p95": 1.191,
      "p99": 1.391,
      "max": 1.806,
      "mean": 0.9759125
    },
    "storage_rank_ms": {
      "count": 160,
      "min": 0.632,
      "p50": 0.703,
      "p95": 0.757,
      "p99": 0.871,
      "max": 2.631,
      "mean": 0.71569375
    },
    "theme_ms": {
      "count": 160,
      "min": 2.892,
      "p50": 3.511,
      "p95": 4.366,
      "p99": 4.502,
      "max": 4.827,
      "mean": 3.60465
    },
    "vector_pipeline_ms": {
      "count": 160,
      "min": 8.247,
      "p50": 9.129,
      "p95": 10.025,
      "p99": 10.521,
      "max": 12.673,
      "mean": 9.224875
    },
    "vector_storage_total_ms": {
      "count": 160,
      "min": 6.847,
      "p50": 7.631,
      "p95": 8.536,
      "p99": 8.803,
      "max": 11.005,
      "mean": 7.72823125
    },
    "vector_total_ms": {
      "count": 160,
      "min": 8.249,
      "p50": 9.131,
      "p95": 10.028,
      "p99": 10.524,
      "max": 12.676,
      "mean": 9.2278
    }
  }
}
[probe] wrote /Users/manson/ai/eidolon/eidolon_memory/benchmarks/results/recall-concurrency-20261005/before-chat-graph-warm.json
