{
  "count": 160,
  "degraded": 0,
  "stages_ms": {
    "chroma_query_ms": {
      "count": 160,
      "min": 4.096,
      "p50": 4.302,
      "p95": 5.221,
      "p99": 5.513,
      "max": 6.119,
      "mean": 4.5116125
    },
    "closet_query_ms": {
      "count": 160,
      "min": 0.171,
      "p50": 0.228,
      "p95": 0.313,
      "p99": 0.408,
      "max": 0.595,
      "mean": 0.24210625
    },
    "embedding_ms": {
      "count": 160,
      "min": 1.455,
      "p50": 1.647,
      "p95": 1.916,
      "p99": 2.344,
      "max": 2.609,
      "mean": 1.67946875
    },
    "hnsw_probe_ms": {
      "count": 160,
      "min": 0.913,
      "p50": 1.073,
      "p95": 1.278,
      "p99": 1.367,
      "max": 1.419,
      "mean": 1.09509375
    },
    "kg_expand_ms": {
      "count": 160,
      "min": 0.105,
      "p50": 0.206,
      "p95": 0.641,
      "p99": 0.817,
      "max": 0.97,
      "mean": 0.35450625
    },
    "kg_seed_ms": {
      "count": 160,
      "min": 0.517,
      "p50": 0.666,
      "p95": 0.832,
      "p99": 0.86,
      "max": 0.982,
      "mean": 0.67871875
    },
    "lexical_query_ms": {
      "count": 160,
      "min": 0.336,
      "p50": 0.472,
      "p95": 0.903,
      "p99": 0.946,
      "max": 1.039,
      "mean": 0.5452125
    },
    "recall_total_ms": {
      "count": 160,
      "min": 13.735,
      "p50": 15.29,
      "p95": 17.573,
      "p99": 18.508,
      "max": 19.286,
      "mean": 15.64441875
    },
    "rerank_policy_ms": {
      "count": 160,
      "min": 1.053,
      "p50": 1.119,
      "p95": 1.183,
      "p99": 1.217,
      "max": 1.35,
      "mean": 1.12
    },
    "scope_resolution_ms": {
      "count": 160,
      "min": 0.006,
      "p50": 0.008,
      "p95": 0.013,
      "p99": 0.015,
      "max": 0.017,
      "mean": 0.008975
    },
    "storage_open_ms": {
      "count": 160,
      "min": 0.911,
      "p50": 1.1,
      "p95": 1.375,
      "p99": 1.584,
      "max": 1.791,
      "mean": 1.12048125
    },
    "storage_rank_ms": {
      "count": 160,
      "min": 0.698,
      "p50": 0.732,
      "p95": 0.968,
      "p99": 1.051,
      "max": 2.887,
      "mean": 0.7635562499999999
    },
    "theme_ms": {
      "count": 160,
      "min": 3.015,
      "p50": 3.604,
      "p95": 4.299,
      "p99": 4.578,
      "max": 4.681,
      "mean": 3.66435
    },
    "vector_pipeline_ms": {
      "count": 160,
      "min": 10.337,
      "p50": 11.253,
      "p95": 12.875,
      "p99": 13.855,
      "max": 14.725,
      "mean": 11.524125
    },
    "vector_storage_total_ms": {
      "count": 160,
      "min": 8.884,
      "p50": 9.778,
      "p95": 11.275,
      "p99": 12.28,
      "max": 13.091,
      "mean": 9.9866125
    },
    "vector_total_ms": {
      "count": 160,
      "min": 10.34,
      "p50": 11.256,
      "p95": 12.879,
      "p99": 13.858,
      "max": 14.729,
      "mean": 11.52725
    }
  }
}
[probe] wrote /Users/manson/ai/eidolon/eidolon_memory/benchmarks/results/recall-concurrency-20261005/before-chat-graph-uncached.json
