{
  "count": 160,
  "degraded": 0,
  "stages_ms": {
    "chroma_query_ms": {
      "count": 160,
      "min": 3.824,
      "p50": 4.034,
      "p95": 4.165,
      "p99": 4.252,
      "max": 4.365,
      "mean": 4.03646875
    },
    "closet_query_ms": {
      "count": 160,
      "min": 0.15,
      "p50": 0.183,
      "p95": 0.234,
      "p99": 0.265,
      "max": 0.293,
      "mean": 0.18975625
    },
    "embedding_ms": {
      "count": 160,
      "min": 0.001,
      "p50": 0.002,
      "p95": 0.003,
      "p99": 0.003,
      "max": 0.003,
      "mean": 0.0019500000000000001
    },
    "hnsw_probe_ms": {
      "count": 160,
      "min": 0.644,
      "p50": 0.721,
      "p95": 0.774,
      "p99": 0.826,
      "max": 0.988,
      "mean": 0.72109375
    },
    "kg_expand_ms": {
      "count": 160,
      "min": 0.003,
      "p50": 0.004,
      "p95": 0.005,
      "p99": 0.008,
      "max": 0.008,
      "mean": 0.00420625
    },
    "lexical_query_ms": {
      "count": 160,
      "min": 0.266,
      "p50": 0.354,
      "p95": 0.788,
      "p99": 0.836,
      "max": 1.016,
      "mean": 0.44066875
    },
    "recall_total_ms": {
      "count": 160,
      "min": 10.731,
      "p50": 11.529,
      "p95": 12.532,
      "p99": 12.79,
      "max": 14.193,
      "mean": 11.62136875
    },
    "rerank_policy_ms": {
      "count": 160,
      "min": 0.941,
      "p50": 1.04,
      "p95": 1.116,
      "p99": 1.131,
      "max": 1.134,
      "mean": 1.04645625
    },
    "scope_resolution_ms": {
      "count": 160,
      "min": 0.005,
      "p50": 0.007,
      "p95": 0.009,
      "p99": 0.01,
      "max": 0.011,
      "mean": 0.0070875
    },
    "storage_open_ms": {
      "count": 160,
      "min": 0.704,
      "p50": 0.803,
      "p95": 0.934,
      "p99": 1.02,
      "max": 1.214,
      "mean": 0.81670625
    },
    "storage_rank_ms": {
      "count": 160,
      "min": 0.628,
      "p50": 0.677,
      "p95": 0.719,
      "p99": 0.733,
      "max": 0.848,
      "mean": 0.6792375
    },
    "theme_ms": {
      "count": 160,
      "min": 2.819,
      "p50": 3.193,
      "p95": 3.707,
      "p99": 3.829,
      "max": 4.143,
      "mean": 3.2318375
    },
    "vector_pipeline_ms": {
      "count": 160,
      "min": 7.791,
      "p50": 8.253,
      "p95": 8.723,
      "p99": 8.995,
      "max": 9.944,
      "mean": 8.29414375
    },
    "vector_storage_total_ms": {
      "count": 160,
      "min": 6.45,
      "p50": 6.86,
      "p95": 7.336,
      "p99": 7.544,
      "max": 8.488,
      "mean": 6.90865
    },
    "vector_total_ms": {
      "count": 160,
      "min": 7.793,
      "p50": 8.256,
      "p95": 8.726,
      "p99": 8.998,
      "max": 9.947,
      "mean": 8.29673125
    }
  }
}
[probe] wrote /Users/manson/ai/eidolon/eidolon_memory/benchmarks/results/recall-concurrency-20261005/before-chat-warm.json
