{
  "count": 160,
  "degraded": 0,
  "stages_ms": {
    "chroma_query_ms": {
      "count": 160,
      "min": 4.08,
      "p50": 4.2,
      "p95": 4.35,
      "p99": 4.452,
      "max": 4.556,
      "mean": 4.21506875
    },
    "closet_query_ms": {
      "count": 160,
      "min": 0.17,
      "p50": 0.204,
      "p95": 0.248,
      "p99": 0.254,
      "max": 0.34,
      "mean": 0.2079875
    },
    "embedding_ms": {
      "count": 160,
      "min": 1.432,
      "p50": 1.593,
      "p95": 1.784,
      "p99": 1.884,
      "max": 2.062,
      "mean": 1.61639375
    },
    "hnsw_probe_ms": {
      "count": 160,
      "min": 0.694,
      "p50": 0.747,
      "p95": 0.795,
      "p99": 0.841,
      "max": 0.901,
      "mean": 0.75021875
    },
    "kg_expand_ms": {
      "count": 160,
      "min": 0.004,
      "p50": 0.004,
      "p95": 0.006,
      "p99": 0.007,
      "max": 0.014,
      "mean": 0.00454375
    },
    "lexical_query_ms": {
      "count": 160,
      "min": 0.332,
      "p50": 0.41,
      "p95": 0.842,
      "p99": 0.869,
      "max": 0.879,
      "mean": 0.5022375
    },
    "recall_total_ms": {
      "count": 160,
      "min": 13.027,
      "p50": 14.005,
      "p95": 14.833,
      "p99": 14.986,
      "max": 16.373,
      "mean": 14.0688375
    },
    "rerank_policy_ms": {
      "count": 160,
      "min": 1.054,
      "p50": 1.116,
      "p95": 1.178,
      "p99": 1.232,
      "max": 1.464,
      "mean": 1.1195125
    },
    "scope_resolution_ms": {
      "count": 160,
      "min": 0.005,
      "p50": 0.007,
      "p95": 0.009,
      "p99": 0.009,
      "max": 0.01,
      "mean": 0.00730625
    },
    "storage_open_ms": {
      "count": 160,
      "min": 0.885,
      "p50": 1.013,
      "p95": 1.163,
      "p99": 1.238,
      "max": 1.266,
      "mean": 1.0226875
    },
    "storage_rank_ms": {
      "count": 160,
      "min": 0.691,
      "p50": 0.713,
      "p95": 0.782,
      "p99": 0.99,
      "max": 2.75,
      "mean": 0.73751875
    },
    "theme_ms": {
      "count": 160,
      "min": 3.005,
      "p50": 3.388,
      "p95": 3.786,
      "p99": 3.927,
      "max": 4.115,
      "mean": 3.40683125
    },
    "vector_pipeline_ms": {
      "count": 160,
      "min": 9.933,
      "p50": 10.533,
      "p95": 11.064,
      "p99": 11.224,
      "max": 12.663,
      "mean": 10.5641625
    },
    "vector_storage_total_ms": {
      "count": 160,
      "min": 8.489,
      "p50": 9.047,
      "p95": 9.561,
      "p99": 9.762,
      "max": 11.189,
      "mean": 9.0774625
    },
    "vector_total_ms": {
      "count": 160,
      "min": 9.935,
      "p50": 10.535,
      "p95": 11.067,
      "p99": 11.227,
      "max": 12.666,
      "mean": 10.5669625
    }
  }
}
[probe] wrote /Users/manson/ai/eidolon/eidolon_memory/benchmarks/results/recall-concurrency-20261005/before-chat-uncached.json
