{
  "count": 160,
  "degraded": 0,
  "stages_ms": {
    "chroma_query_ms": {
      "count": 160,
      "min": 4.18,
      "p50": 4.728,
      "p95": 6.602,
      "p99": 6.779,
      "max": 7.895,
      "mean": 5.07180625
    },
    "closet_query_ms": {
      "count": 160,
      "min": 0.157,
      "p50": 0.231,
      "p95": 0.33,
      "p99": 0.38,
      "max": 0.426,
      "mean": 0.2370875
    },
    "embedding_ms": {
      "count": 160,
      "min": 0.001,
      "p50": 0.002,
      "p95": 0.004,
      "p99": 0.004,
      "max": 0.007,
      "mean": 0.00218125
    },
    "hnsw_probe_ms": {
      "count": 160,
      "min": 1.334,
      "p50": 1.836,
      "p95": 2.411,
      "p99": 2.87,
      "max": 3.368,
      "mean": 1.8732875
    },
    "kg_expand_ms": {
      "count": 160,
      "min": 0.004,
      "p50": 0.005,
      "p95": 0.008,
      "p99": 0.011,
      "max": 0.018,
      "mean": 0.00536875
    },
    "lexical_query_ms": {
      "count": 160,
      "min": 0.309,
      "p50": 0.443,
      "p95": 0.915,
      "p99": 0.975,
      "max": 1.088,
      "mean": 0.5266125
    },
    "recall_total_ms": {
      "count": 160,
      "min": 10.38,
      "p50": 12.152,
      "p95": 13.461,
      "p99": 14.483,
      "max": 14.931,
      "mean": 12.265025
    },
    "rerank_policy_ms": {
      "count": 160,
      "min": 1.034,
      "p50": 1.129,
      "p95": 1.243,
      "p99": 1.274,
      "max": 1.345,
      "mean": 1.13505625
    },
    "scope_resolution_ms": {
      "count": 160,
      "min": 0.004,
      "p50": 0.006,
      "p95": 0.009,
      "p99": 0.017,
      "max": 0.024,
      "mean": 0.00680625
    },
    "storage_open_ms": {
      "count": 160,
      "min": 0.92,
      "p50": 2.122,
      "p95": 3.388,
      "p99": 3.835,
      "max": 5.675,
      "mean": 2.09845
    },
    "storage_rank_ms": {
      "count": 160,
      "min": 0.679,
      "p50": 0.724,
      "p95": 0.89,
      "p99": 0.981,
      "max": 1.052,
      "mean": 0.74036875
    },
    "theme_ms": {
      "count": 160,
      "min": 5.027,
      "p50": 6.628,
      "p95": 9.248,
      "p99": 9.708,
      "max": 10.557,
      "mean": 6.98856875
    },
    "vector_pipeline_ms": {
      "count": 160,
      "min": 10.272,
      "p50": 12.019,
      "p95": 13.342,
      "p99": 14.359,
      "max": 14.823,
      "mean": 12.13425625
    },
    "vector_storage_total_ms": {
      "count": 160,
      "min": 8.808,
      "p50": 10.413,
      "p95": 11.801,
      "p99": 12.816,
      "max": 13.406,
      "mean": 10.579075
    },
    "vector_total_ms": {
      "count": 160,
      "min": 10.275,
      "p50": 12.022,
      "p95": 13.345,
      "p99": 14.362,
      "max": 14.826,
      "mean": 12.13755625
    }
  }
}
[probe] wrote /Users/manson/ai/eidolon/eidolon_memory/benchmarks/results/recall-concurrency-20261005/experiment-chat-warm.json
