{
  "count": 160,
  "degraded": 0,
  "stages_ms": {
    "chroma_query_ms": {
      "count": 160,
      "min": 4.018,
      "p50": 4.155,
      "p95": 4.553,
      "p99": 4.775,
      "max": 4.908,
      "mean": 4.1946375
    },
    "closet_query_ms": {
      "count": 160,
      "min": 0.173,
      "p50": 0.202,
      "p95": 0.272,
      "p99": 0.325,
      "max": 0.398,
      "mean": 0.2139875
    },
    "embedding_ms": {
      "count": 160,
      "min": 1.375,
      "p50": 1.575,
      "p95": 1.768,
      "p99": 1.894,
      "max": 2.035,
      "mean": 1.594725
    },
    "hnsw_probe_ms": {
      "count": 160,
      "min": 0.598,
      "p50": 0.632,
      "p95": 0.733,
      "p99": 0.754,
      "max": 0.887,
      "mean": 0.643575
    },
    "kg_expand_ms": {
      "count": 160,
      "min": 0.004,
      "p50": 0.004,
      "p95": 0.006,
      "p99": 0.007,
      "max": 0.007,
      "mean": 0.00449375
    },
    "lexical_query_ms": {
      "count": 160,
      "min": 0.299,
      "p50": 0.372,
      "p95": 0.815,
      "p99": 0.827,
      "max": 0.862,
      "mean": 0.471475
    },
    "recall_total_ms": {
      "count": 160,
      "min": 12.634,
      "p50": 13.55,
      "p95": 14.805,
      "p99": 15.808,
      "max": 17.024,
      "mean": 13.66141875
    },
    "rerank_policy_ms": {
      "count": 160,
      "min": 1.048,
      "p50": 1.106,
      "p95": 1.179,
      "p99": 1.215,
      "max": 1.27,
      "mean": 1.10835625
    },
    "scope_resolution_ms": {
      "count": 160,
      "min": 0.006,
      "p50": 0.007,
      "p95": 0.009,
      "p99": 0.01,
      "max": 0.012,
      "mean": 0.0072125
    },
    "storage_open_ms": {
      "count": 160,
      "min": 0.826,
      "p50": 0.984,
      "p95": 1.197,
      "p99": 1.407,
      "max": 1.538,
      "mean": 0.99880625
    },
    "storage_rank_ms": {
      "count": 160,
      "min": 0.664,
      "p50": 0.703,
      "p95": 0.755,
      "p99": 0.977,
      "max": 2.699,
      "mean": 0.72618125
    },
    "theme_ms": {
      "count": 160,
      "min": 2.8,
      "p50": 3.186,
      "p95": 3.705,
      "p99": 3.946,
      "max": 4.196,
      "mean": 3.21894375
    },
    "vector_pipeline_ms": {
      "count": 160,
      "min": 9.6,
      "p50": 10.265,
      "p95": 11.205,
      "p99": 11.588,
      "max": 13.214,
      "mean": 10.33655625
    },
    "vector_storage_total_ms": {
      "count": 160,
      "min": 8.177,
      "p50": 8.791,
      "p95": 9.71,
      "p99": 10.06,
      "max": 11.682,
      "mean": 8.867675
    },
    "vector_total_ms": {
      "count": 160,
      "min": 9.603,
      "p50": 10.267,
      "p95": 11.208,
      "p99": 11.591,
      "max": 13.218,
      "mean": 10.3393375
    }
  }
}
[probe] wrote /Users/manson/ai/eidolon/eidolon_memory/benchmarks/results/recall-concurrency-20261005/after-chat-uncached.json
