{
  "count": 160,
  "degraded": 0,
  "stages_ms": {
    "chroma_query_ms": {
      "count": 160,
      "min": 3.747,
      "p50": 4.047,
      "p95": 4.377,
      "p99": 4.421,
      "max": 4.538,
      "mean": 4.07796875
    },
    "embedding_ms": {
      "count": 160,
      "min": 0.001,
      "p50": 0.002,
      "p95": 0.003,
      "p99": 0.004,
      "max": 0.004,
      "mean": 0.0021125000000000002
    },
    "hnsw_probe_ms": {
      "count": 160,
      "min": 0.833,
      "p50": 0.991,
      "p95": 1.179,
      "p99": 1.282,
      "max": 1.353,
      "mean": 1.00601875
    },
    "kg_expand_ms": {
      "count": 160,
      "min": 0.085,
      "p50": 0.167,
      "p95": 0.68,
      "p99": 0.729,
      "max": 0.952,
      "mean": 0.33605625
    },
    "kg_seed_ms": {
      "count": 160,
      "min": 0.496,
      "p50": 0.692,
      "p95": 0.847,
      "p99": 0.936,
      "max": 1.004,
      "mean": 0.69574375
    },
    "lexical_query_ms": {
      "count": 160,
      "min": 0.238,
      "p50": 0.378,
      "p95": 0.86,
      "p99": 0.946,
      "max": 0.966,
      "mean": 0.44756250000000003
    },
    "recall_total_ms": {
      "count": 160,
      "min": 10.89,
      "p50": 12.058,
      "p95": 13.921,
      "p99": 14.073,
      "max": 14.195,
      "mean": 12.37475625
    },
    "rerank_policy_ms": {
      "count": 160,
      "min": 0.946,
      "p50": 1.064,
      "p95": 1.188,
      "p99": 1.252,
      "max": 1.285,
      "mean": 1.07319375
    },
    "scope_resolution_ms": {
      "count": 160,
      "min": 0.005,
      "p50": 0.007,
      "p95": 0.011,
      "p99": 0.013,
      "max": 0.017,
      "mean": 0.0076375
    },
    "storage_open_ms": {
      "count": 160,
      "min": 0.704,
      "p50": 0.84,
      "p95": 1.165,
      "p99": 1.28,
      "max": 1.394,
      "mean": 0.8939375
    },
    "storage_rank_ms": {
      "count": 160,
      "min": 0.617,
      "p50": 0.692,
      "p95": 0.758,
      "p99": 0.838,
      "max": 2.558,
      "mean": 0.7059125
    },
    "theme_ms": {
      "count": 160,
      "min": 2.7,
      "p50": 3.263,
      "p95": 3.952,
      "p99": 4.212,
      "max": 4.277,
      "mean": 3.328575
    },
    "vector_pipeline_ms": {
      "count": 160,
      "min": 7.763,
      "p50": 8.475,
      "p95": 9.488,
      "p99": 9.723,
      "max": 10.268,
      "mean": 8.6080625
    },
    "vector_storage_total_ms": {
      "count": 160,
      "min": 6.399,
      "p50": 7.042,
      "p95": 7.973,
      "p99": 8.067,
      "max": 8.801,
      "mean": 7.15726875
    },
    "vector_total_ms": {
      "count": 160,
      "min": 7.765,
      "p50": 8.478,
      "p95": 9.492,
      "p99": 9.727,
      "max": 10.271,
      "mean": 8.61106875
    }
  }
}
[probe] wrote /Users/manson/ai/eidolon/eidolon_memory/benchmarks/results/recall-concurrency-20261005/after-voice-warm.json
