{
  "count": 160,
  "degraded": 0,
  "stages_ms": {
    "chroma_query_ms": {
      "count": 160,
      "min": 3.824,
      "p50": 3.967,
      "p95": 4.125,
      "p99": 4.171,
      "max": 4.188,
      "mean": 3.97823125
    },
    "closet_query_ms": {
      "count": 160,
      "min": 0.156,
      "p50": 0.183,
      "p95": 0.243,
      "p99": 0.251,
      "max": 0.263,
      "mean": 0.1895875
    },
    "embedding_ms": {
      "count": 160,
      "min": 0.001,
      "p50": 0.002,
      "p95": 0.003,
      "p99": 0.003,
      "max": 0.003,
      "mean": 0.00198125
    },
    "hnsw_probe_ms": {
      "count": 160,
      "min": 0.842,
      "p50": 0.959,
      "p95": 1.042,
      "p99": 1.067,
      "max": 1.12,
      "mean": 0.96411875
    },
    "kg_expand_ms": {
      "count": 160,
      "min": 0.081,
      "p50": 0.138,
      "p95": 0.541,
      "p99": 0.568,
      "max": 0.584,
      "mean": 0.29833125
    },
    "kg_seed_ms": {
      "count": 160,
      "min": 0.544,
      "p50": 0.671,
      "p95": 0.767,
      "p99": 0.795,
      "max": 0.837,
      "mean": 0.6737375
    },
    "lexical_query_ms": {
      "count": 160,
      "min": 0.236,
      "p50": 0.306,
      "p95": 0.711,
      "p99": 0.774,
      "max": 0.808,
      "mean": 0.39695
    },
    "recall_total_ms": {
      "count": 160,
      "min": 10.884,
      "p50": 11.746,
      "p95": 12.521,
      "p99": 12.831,
      "max": 13.403,
      "mean": 11.80518125
    },
    "rerank_policy_ms": {
      "count": 160,
      "min": 0.934,
      "p50": 1.03,
      "p95": 1.101,
      "p99": 1.118,
      "max": 1.124,
      "mean": 1.02935625
    },
    "scope_resolution_ms": {
      "count": 160,
      "min": 0.005,
      "p50": 0.006,
      "p95": 0.008,
      "p99": 0.009,
      "max": 0.011,
      "mean": 0.00644375
    },
    "storage_open_ms": {
      "count": 160,
      "min": 0.7,
      "p50": 0.782,
      "p95": 0.922,
      "p99": 0.977,
      "max": 1.085,
      "mean": 0.7968500000000001
    },
    "storage_rank_ms": {
      "count": 160,
      "min": 0.63,
      "p50": 0.664,
      "p95": 0.702,
      "p99": 0.726,
      "max": 2.432,
      "mean": 0.6776
    },
    "theme_ms": {
      "count": 160,
      "min": 2.678,
      "p50": 2.983,
      "p95": 3.355,
      "p99": 3.489,
      "max": 3.631,
      "mean": 3.00638125
    },
    "vector_pipeline_ms": {
      "count": 160,
      "min": 7.936,
      "p50": 8.347,
      "p95": 8.876,
      "p99": 8.998,
      "max": 10.166,
      "mean": 8.4048
    },
    "vector_storage_total_ms": {
      "count": 160,
      "min": 6.609,
      "p50": 6.963,
      "p95": 7.468,
      "p99": 7.586,
      "max": 8.787,
      "mean": 7.0261000000000005
    },
    "vector_total_ms": {
      "count": 160,
      "min": 7.938,
      "p50": 8.35,
      "p95": 8.879,
      "p99": 9.0,
      "max": 10.169,
      "mean": 8.40721875
    }
  }
}
[probe] wrote /Users/manson/ai/eidolon/eidolon_memory/benchmarks/results/recall-concurrency-20261005/after-chat-graph-warm.json
