{
  "count": 160,
  "degraded": 0,
  "stages_ms": {
    "chroma_query_ms": {
      "count": 160,
      "min": 3.842,
      "p50": 4.21,
      "p95": 4.37,
      "p99": 4.487,
      "max": 4.526,
      "mean": 4.1876625
    },
    "closet_query_ms": {
      "count": 160,
      "min": 0.161,
      "p50": 0.246,
      "p95": 0.319,
      "p99": 0.361,
      "max": 0.39,
      "mean": 0.24629375
    },
    "embedding_ms": {
      "count": 160,
      "min": 0.001,
      "p50": 0.002,
      "p95": 0.003,
      "p99": 0.004,
      "max": 0.007,
      "mean": 0.0023625
    },
    "hnsw_probe_ms": {
      "count": 160,
      "min": 0.554,
      "p50": 0.658,
      "p95": 0.791,
      "p99": 0.834,
      "max": 0.848,
      "mean": 0.6670375
    },
    "kg_expand_ms": {
      "count": 160,
      "min": 0.003,
      "p50": 0.005,
      "p95": 0.008,
      "p99": 0.009,
      "max": 0.023,
      "mean": 0.0052125
    },
    "lexical_query_ms": {
      "count": 160,
      "min": 0.25,
      "p50": 0.409,
      "p95": 0.816,
      "p99": 0.912,
      "max": 0.968,
      "mean": 0.48685
    },
    "recall_total_ms": {
      "count": 160,
      "min": 10.457,
      "p50": 12.438,
      "p95": 13.547,
      "p99": 13.791,
      "max": 14.473,
      "mean": 12.35509375
    },
    "rerank_policy_ms": {
      "count": 160,
      "min": 0.955,
      "p50": 1.086,
      "p95": 1.183,
      "p99": 1.232,
      "max": 1.261,
      "mean": 1.0875375
    },
    "scope_resolution_ms": {
      "count": 160,
      "min": 0.005,
      "p50": 0.008,
      "p95": 0.012,
      "p99": 0.013,
      "max": 0.013,
      "mean": 0.0085375
    },
    "storage_open_ms": {
      "count": 160,
      "min": 0.71,
      "p50": 0.925,
      "p95": 1.156,
      "p99": 1.233,
      "max": 1.325,
      "mean": 0.93986875
    },
    "storage_rank_ms": {
      "count": 160,
      "min": 0.636,
      "p50": 0.71,
      "p95": 0.761,
      "p99": 0.794,
      "max": 2.488,
      "mean": 0.7201124999999999
    },
    "theme_ms": {
      "count": 160,
      "min": 2.724,
      "p50": 3.493,
      "p95": 4.096,
      "p99": 4.299,
      "max": 4.429,
      "mean": 3.51026875
    },
    "vector_pipeline_ms": {
      "count": 160,
      "min": 7.591,
      "p50": 8.747,
      "p95": 9.318,
      "p99": 9.449,
      "max": 10.656,
      "mean": 8.7300625
    },
    "vector_storage_total_ms": {
      "count": 160,
      "min": 6.286,
      "p50": 7.292,
      "p95": 7.827,
      "p99": 7.939,
      "max": 9.127,
      "mean": 7.2764625
    },
    "vector_total_ms": {
      "count": 160,
      "min": 7.594,
      "p50": 8.75,
      "p95": 9.321,
      "p99": 9.453,
      "max": 10.66,
      "mean": 8.73303125
    }
  }
}
[probe] wrote /Users/manson/ai/eidolon/eidolon_memory/benchmarks/results/recall-concurrency-20261005/after-chat-warm.json
