{
  "count": 160,
  "degraded": 0,
  "stages_ms": {
    "chroma_query_ms": {
      "count": 160,
      "min": 4.112,
      "p50": 4.283,
      "p95": 4.958,
      "p99": 5.524,
      "max": 11.07,
      "mean": 4.48045625
    },
    "embedding_ms": {
      "count": 160,
      "min": 1.443,
      "p50": 1.662,
      "p95": 2.115,
      "p99": 2.412,
      "max": 6.868,
      "mean": 1.75115625
    },
    "hnsw_probe_ms": {
      "count": 160,
      "min": 0.868,
      "p50": 1.021,
      "p95": 1.191,
      "p99": 1.382,
      "max": 3.878,
      "mean": 1.059275
    },
    "kg_expand_ms": {
      "count": 160,
      "min": 0.104,
      "p50": 0.356,
      "p95": 0.7,
      "p99": 0.74,
      "max": 0.779,
      "mean": 0.36785625
    },
    "kg_seed_ms": {
      "count": 160,
      "min": 0.55,
      "p50": 0.729,
      "p95": 0.933,
      "p99": 1.257,
      "max": 2.076,
      "mean": 0.75376875
    },
    "lexical_query_ms": {
      "count": 160,
      "min": 0.329,
      "p50": 0.419,
      "p95": 0.869,
      "p99": 1.052,
      "max": 1.845,
      "mean": 0.51713125
    },
    "recall_total_ms": {
      "count": 160,
      "min": 13.227,
      "p50": 14.86,
      "p95": 16.687,
      "p99": 23.098,
      "max": 50.646,
      "mean": 15.420575
    },
    "rerank_policy_ms": {
      "count": 160,
      "min": 1.032,
      "p50": 1.113,
      "p95": 1.263,
      "p99": 1.398,
      "max": 3.104,
      "mean": 1.14396875
    },
    "scope_resolution_ms": {
      "count": 160,
      "min": 0.006,
      "p50": 0.008,
      "p95": 0.011,
      "p99": 0.013,
      "max": 0.042,
      "mean": 0.0082625
    },
    "storage_open_ms": {
      "count": 160,
      "min": 0.847,
      "p50": 1.057,
      "p95": 1.681,
      "p99": 2.419,
      "max": 11.581,
      "mean": 1.20306875
    },
    "storage_rank_ms": {
      "count": 160,
      "min": 0.678,
      "p50": 0.716,
      "p95": 0.967,
      "p99": 1.63,
      "max": 2.938,
      "mean": 0.7676875
    },
    "theme_ms": {
      "count": 160,
      "min": 2.887,
      "p50": 3.44,
      "p95": 4.085,
      "p99": 5.199,
      "max": 10.224,
      "mean": 3.55863125
    },
    "vector_pipeline_ms": {
      "count": 160,
      "min": 10.028,
      "p50": 10.985,
      "p95": 12.383,
      "p99": 14.042,
      "max": 40.238,
      "mean": 11.37881875
    },
    "vector_storage_total_ms": {
      "count": 160,
      "min": 8.568,
      "p50": 9.494,
      "p95": 10.76,
      "p99": 12.412,
      "max": 36.119,
      "mean": 9.80616875
    },
    "vector_total_ms": {
      "count": 160,
      "min": 10.031,
      "p50": 10.988,
      "p95": 12.386,
      "p99": 14.045,
      "max": 40.248,
      "mean": 11.3820125
    }
  }
}
[probe] wrote /Users/manson/ai/eidolon/eidolon_memory/benchmarks/results/recall-concurrency-20261005/after-voice-uncached.json
