{
  "count": 160,
  "degraded": 0,
  "stages_ms": {
    "chroma_query_ms": {
      "count": 160,
      "min": 4.017,
      "p50": 4.168,
      "p95": 4.313,
      "p99": 4.844,
      "max": 5.041,
      "mean": 4.1923
    },
    "closet_query_ms": {
      "count": 160,
      "min": 0.179,
      "p50": 0.201,
      "p95": 0.264,
      "p99": 0.279,
      "max": 0.318,
      "mean": 0.20884375
    },
    "embedding_ms": {
      "count": 160,
      "min": 1.372,
      "p50": 1.589,
      "p95": 1.784,
      "p99": 1.872,
      "max": 1.994,
      "mean": 1.596375
    },
    "hnsw_probe_ms": {
      "count": 160,
      "min": 0.866,
      "p50": 0.984,
      "p95": 1.084,
      "p99": 1.121,
      "max": 1.15,
      "mean": 0.98828125
    },
    "kg_expand_ms": {
      "count": 160,
      "min": 0.099,
      "p50": 0.154,
      "p95": 0.585,
      "p99": 0.612,
      "max": 0.65,
      "mean": 0.32673125000000003
    },
    "kg_seed_ms": {
      "count": 160,
      "min": 0.562,
      "p50": 0.697,
      "p95": 0.817,
      "p99": 0.846,
      "max": 0.892,
      "mean": 0.7028125
    },
    "lexical_query_ms": {
      "count": 160,
      "min": 0.308,
      "p50": 0.369,
      "p95": 0.814,
      "p99": 0.866,
      "max": 0.89,
      "mean": 0.46888124999999997
    },
    "recall_total_ms": {
      "count": 160,
      "min": 13.319,
      "p50": 14.204,
      "p95": 15.314,
      "p99": 15.907,
      "max": 17.18,
      "mean": 14.2933625
    },
    "rerank_policy_ms": {
      "count": 160,
      "min": 0.997,
      "p50": 1.096,
      "p95": 1.145,
      "p99": 1.169,
      "max": 1.265,
      "mean": 1.09620625
    },
    "scope_resolution_ms": {
      "count": 160,
      "min": 0.006,
      "p50": 0.007,
      "p95": 0.009,
      "p99": 0.009,
      "max": 0.011,
      "mean": 0.00711875
    },
    "storage_open_ms": {
      "count": 160,
      "min": 0.862,
      "p50": 0.991,
      "p95": 1.148,
      "p99": 1.235,
      "max": 3.127,
      "mean": 1.0110999999999999
    },
    "storage_rank_ms": {
      "count": 160,
      "min": 0.676,
      "p50": 0.706,
      "p95": 0.758,
      "p99": 0.967,
      "max": 2.671,
      "mean": 0.72665
    },
    "theme_ms": {
      "count": 160,
      "min": 2.837,
      "p50": 3.13,
      "p95": 3.552,
      "p99": 3.719,
      "max": 3.857,
      "mean": 3.1716
    },
    "vector_pipeline_ms": {
      "count": 160,
      "min": 10.045,
      "p50": 10.605,
      "p95": 11.346,
      "p99": 12.496,
      "max": 12.864,
      "mean": 10.69220625
    },
    "vector_storage_total_ms": {
      "count": 160,
      "min": 8.586,
      "p50": 9.137,
      "p95": 9.799,
      "p99": 10.994,
      "max": 11.509,
      "mean": 9.216925
    },
    "vector_total_ms": {
      "count": 160,
      "min": 10.048,
      "p50": 10.607,
      "p95": 11.349,
      "p99": 12.499,
      "max": 12.867,
      "mean": 10.69489375
    }
  }
}
[probe] wrote /Users/manson/ai/eidolon/eidolon_memory/benchmarks/results/recall-concurrency-20261005/after-chat-graph-uncached.json
