{
  "count": 160,
  "degraded": 0,
  "stages_ms": {
    "chroma_query_ms": {
      "count": 160,
      "min": 3.819,
      "p50": 3.985,
      "p95": 4.118,
      "p99": 4.191,
      "max": 4.32,
      "mean": 3.98629375
    },
    "closet_query_ms": {
      "count": 160,
      "min": 0.158,
      "p50": 0.188,
      "p95": 0.24,
      "p99": 0.252,
      "max": 0.282,
      "mean": 0.19353125
    },
    "embedding_ms": {
      "count": 160,
      "min": 0.001,
      "p50": 0.002,
      "p95": 0.002,
      "p99": 0.003,
      "max": 0.003,
      "mean": 0.0019375
    },
    "hnsw_probe_ms": {
      "count": 160,
      "min": 0.87,
      "p50": 0.972,
      "p95": 1.042,
      "p99": 1.083,
      "max": 1.18,
      "mean": 0.97355
    },
    "kg_expand_ms": {
      "count": 160,
      "min": 0.088,
      "p50": 0.149,
      "p95": 0.568,
      "p99": 0.605,
      "max": 0.743,
      "mean": 0.30834375
    },
    "kg_seed_ms": {
      "count": 160,
      "min": 0.549,
      "p50": 0.683,
      "p95": 0.792,
      "p99": 0.821,
      "max": 0.936,
      "mean": 0.6919125
    },
    "lexical_query_ms": {
      "count": 160,
      "min": 0.245,
      "p50": 0.325,
      "p95": 0.717,
      "p99": 0.751,
      "max": 0.773,
      "mean": 0.40464375
    },
    "recall_total_ms": {
      "count": 160,
      "min": 11.13,
      "p50": 11.961,
      "p95": 12.626,
      "p99": 13.44,
      "max": 14.904,
      "mean": 11.99748125
    },
    "rerank_policy_ms": {
      "count": 160,
      "min": 0.947,
      "p50": 1.029,
      "p95": 1.123,
      "p99": 1.151,
      "max": 1.174,
      "mean": 1.03585625
    },
    "scope_resolution_ms": {
      "count": 160,
      "min": 0.005,
      "p50": 0.007,
      "p95": 0.01,
      "p99": 0.011,
      "max": 0.015,
      "mean": 0.00725625
    },
    "storage_open_ms": {
      "count": 160,
      "min": 0.73,
      "p50": 0.823,
      "p95": 0.957,
      "p99": 0.993,
      "max": 1.154,
      "mean": 0.83658125
    },
    "storage_rank_ms": {
      "count": 160,
      "min": 0.637,
      "p50": 0.676,
      "p95": 0.714,
      "p99": 0.734,
      "max": 2.498,
      "mean": 0.6876375
    },
    "theme_ms": {
      "count": 160,
      "min": 2.749,
      "p50": 3.05,
      "p95": 3.45,
      "p99": 3.624,
      "max": 5.4,
      "mean": 3.0998875
    },
    "vector_pipeline_ms": {
      "count": 160,
      "min": 8.067,
      "p50": 8.459,
      "p95": 8.851,
      "p99": 9.22,
      "max": 10.707,
      "mean": 8.50006875
    },
    "vector_storage_total_ms": {
      "count": 160,
      "min": 6.706,
      "p50": 7.053,
      "p95": 7.473,
      "p99": 7.739,
      "max": 9.209,
      "mean": 7.105625
    },
    "vector_total_ms": {
      "count": 160,
      "min": 8.069,
      "p50": 8.461,
      "p95": 8.853,
      "p99": 9.223,
      "max": 10.709,
      "mean": 8.50255
    }
  }
}
[probe] wrote /Users/manson/ai/eidolon/eidolon_memory/benchmarks/results/recall-concurrency-20261005/before-chat-graph-warm.json
