{
  "count": 160,
  "degraded": 0,
  "stages_ms": {
    "chroma_query_ms": {
      "count": 160,
      "min": 3.995,
      "p50": 4.147,
      "p95": 4.259,
      "p99": 4.359,
      "max": 4.744,
      "mean": 4.15298125
    },
    "closet_query_ms": {
      "count": 160,
      "min": 0.173,
      "p50": 0.201,
      "p95": 0.244,
      "p99": 0.262,
      "max": 0.272,
      "mean": 0.20476250000000001
    },
    "embedding_ms": {
      "count": 160,
      "min": 1.38,
      "p50": 1.576,
      "p95": 1.762,
      "p99": 1.85,
      "max": 1.948,
      "mean": 1.58668125
    },
    "hnsw_probe_ms": {
      "count": 160,
      "min": 0.592,
      "p50": 0.624,
      "p95": 0.665,
      "p99": 0.693,
      "max": 0.72,
      "mean": 0.62725
    },
    "kg_expand_ms": {
      "count": 160,
      "min": 0.003,
      "p50": 0.004,
      "p95": 0.006,
      "p99": 0.007,
      "max": 0.043,
      "mean": 0.004525
    },
    "lexical_query_ms": {
      "count": 160,
      "min": 0.294,
      "p50": 0.368,
      "p95": 0.801,
      "p99": 0.836,
      "max": 0.865,
      "mean": 0.4609625
    },
    "recall_total_ms": {
      "count": 160,
      "min": 12.477,
      "p50": 13.43,
      "p95": 14.177,
      "p99": 14.533,
      "max": 15.028,
      "mean": 13.5016625
    },
    "rerank_policy_ms": {
      "count": 160,
      "min": 1.035,
      "p50": 1.095,
      "p95": 1.144,
      "p99": 1.183,
      "max": 1.202,
      "mean": 1.0955062500000001
    },
    "scope_resolution_ms": {
      "count": 160,
      "min": 0.005,
      "p50": 0.007,
      "p95": 0.009,
      "p99": 0.01,
      "max": 0.01,
      "mean": 0.00699375
    },
    "storage_open_ms": {
      "count": 160,
      "min": 0.872,
      "p50": 0.991,
      "p95": 1.154,
      "p99": 1.241,
      "max": 1.28,
      "mean": 1.006025
    },
    "storage_rank_ms": {
      "count": 160,
      "min": 0.662,
      "p50": 0.691,
      "p95": 0.757,
      "p99": 0.977,
      "max": 2.471,
      "mean": 0.7145375
    },
    "theme_ms": {
      "count": 160,
      "min": 2.863,
      "p50": 3.158,
      "p95": 3.489,
      "p99": 3.681,
      "max": 3.706,
      "mean": 3.183525
    },
    "vector_pipeline_ms": {
      "count": 160,
      "min": 9.51,
      "p50": 10.203,
      "p95": 10.668,
      "p99": 10.917,
      "max": 11.812,
      "mean": 10.2234
    },
    "vector_storage_total_ms": {
      "count": 160,
      "min": 8.103,
      "p50": 8.748,
      "p95": 9.258,
      "p99": 9.449,
      "max": 10.358,
      "mean": 8.7773875
    },
    "vector_total_ms": {
      "count": 160,
      "min": 9.513,
      "p50": 10.206,
      "p95": 10.671,
      "p99": 10.919,
      "max": 11.815,
      "mean": 10.22603125
    }
  }
}
[probe] wrote /Users/manson/ai/eidolon/eidolon_memory/benchmarks/results/recall-concurrency-20261005/before-chat-uncached.json
