{
  "count": 160,
  "degraded": 0,
  "stages_ms": {
    "chroma_query_ms": {
      "count": 160,
      "min": 4.077,
      "p50": 4.207,
      "p95": 4.339,
      "p99": 4.45,
      "max": 4.647,
      "mean": 4.2164
    },
    "embedding_ms": {
      "count": 160,
      "min": 1.412,
      "p50": 1.601,
      "p95": 1.784,
      "p99": 1.828,
      "max": 2.21,
      "mean": 1.61335625
    },
    "hnsw_probe_ms": {
      "count": 160,
      "min": 0.862,
      "p50": 1.001,
      "p95": 1.096,
      "p99": 1.115,
      "max": 1.228,
      "mean": 1.0017125
    },
    "kg_expand_ms": {
      "count": 160,
      "min": 0.101,
      "p50": 0.15,
      "p95": 0.593,
      "p99": 0.62,
      "max": 0.703,
      "mean": 0.329075
    },
    "kg_seed_ms": {
      "count": 160,
      "min": 0.545,
      "p50": 0.69,
      "p95": 0.822,
      "p99": 0.862,
      "max": 0.903,
      "mean": 0.702275
    },
    "lexical_query_ms": {
      "count": 160,
      "min": 0.306,
      "p50": 0.38,
      "p95": 0.803,
      "p99": 0.826,
      "max": 0.864,
      "mean": 0.47130625
    },
    "recall_total_ms": {
      "count": 160,
      "min": 13.351,
      "p50": 14.204,
      "p95": 14.866,
      "p99": 15.231,
      "max": 17.704,
      "mean": 14.25219375
    },
    "rerank_policy_ms": {
      "count": 160,
      "min": 1.037,
      "p50": 1.104,
      "p95": 1.157,
      "p99": 1.174,
      "max": 1.299,
      "mean": 1.1037625
    },
    "scope_resolution_ms": {
      "count": 160,
      "min": 0.006,
      "p50": 0.008,
      "p95": 0.01,
      "p99": 0.011,
      "max": 0.011,
      "mean": 0.00785
    },
    "storage_open_ms": {
      "count": 160,
      "min": 0.855,
      "p50": 1.0,
      "p95": 1.171,
      "p99": 1.218,
      "max": 1.24,
      "mean": 1.00399375
    },
    "storage_rank_ms": {
      "count": 160,
      "min": 0.682,
      "p50": 0.706,
      "p95": 0.749,
      "p99": 1.007,
      "max": 2.592,
      "mean": 0.7293562499999999
    },
    "theme_ms": {
      "count": 160,
      "min": 2.88,
      "p50": 3.248,
      "p95": 3.612,
      "p99": 3.802,
      "max": 6.734,
      "mean": 3.277025
    },
    "vector_pipeline_ms": {
      "count": 160,
      "min": 9.965,
      "p50": 10.518,
      "p95": 10.919,
      "p99": 11.322,
      "max": 12.504,
      "mean": 10.55133125
    },
    "vector_storage_total_ms": {
      "count": 160,
      "min": 8.528,
      "p50": 9.028,
      "p95": 9.45,
      "p99": 9.841,
      "max": 10.93,
      "mean": 9.05991875
    },
    "vector_total_ms": {
      "count": 160,
      "min": 9.967,
      "p50": 10.52,
      "p95": 10.921,
      "p99": 11.325,
      "max": 12.507,
      "mean": 10.55418125
    }
  }
}
[probe] wrote /Users/manson/ai/eidolon/eidolon_memory/benchmarks/results/recall-concurrency-20261005/before-voice-uncached.json
