{
  "count": 160,
  "degraded": 0,
  "stages_ms": {
    "chroma_query_ms": {
      "count": 160,
      "min": 4.071,
      "p50": 4.251,
      "p95": 4.925,
      "p99": 5.332,
      "max": 6.143,
      "mean": 4.37895625
    },
    "closet_query_ms": {
      "count": 160,
      "min": 0.179,
      "p50": 0.228,
      "p95": 0.386,
      "p99": 0.682,
      "max": 0.752,
      "mean": 0.25318125
    },
    "embedding_ms": {
      "count": 160,
      "min": 1.445,
      "p50": 1.655,
      "p95": 2.085,
      "p99": 2.199,
      "max": 2.299,
      "mean": 1.70140625
    },
    "hnsw_probe_ms": {
      "count": 160,
      "min": 0.904,
      "p50": 1.024,
      "p95": 1.148,
      "p99": 1.188,
      "max": 1.286,
      "mean": 1.0327625
    },
    "kg_expand_ms": {
      "count": 160,
      "min": 0.097,
      "p50": 0.211,
      "p95": 0.687,
      "p99": 0.721,
      "max": 0.868,
      "mean": 0.357325
    },
    "kg_seed_ms": {
      "count": 160,
      "min": 0.571,
      "p50": 0.712,
      "p95": 0.85,
      "p99": 0.91,
      "max": 0.915,
      "mean": 0.72515
    },
    "lexical_query_ms": {
      "count": 160,
      "min": 0.32,
      "p50": 0.422,
      "p95": 0.844,
      "p99": 1.008,
      "max": 1.212,
      "mean": 0.50250625
    },
    "recall_total_ms": {
      "count": 160,
      "min": 13.542,
      "p50": 14.917,
      "p95": 16.851,
      "p99": 17.137,
      "max": 17.695,
      "mean": 15.2406125
    },
    "rerank_policy_ms": {
      "count": 160,
      "min": 1.034,
      "p50": 1.107,
      "p95": 1.209,
      "p99": 1.373,
      "max": 1.428,
      "mean": 1.1132125
    },
    "scope_resolution_ms": {
      "count": 160,
      "min": 0.006,
      "p50": 0.008,
      "p95": 0.011,
      "p99": 0.013,
      "max": 0.015,
      "mean": 0.00845
    },
    "storage_open_ms": {
      "count": 160,
      "min": 0.924,
      "p50": 1.102,
      "p95": 1.402,
      "p99": 1.677,
      "max": 1.727,
      "mean": 1.1329375
    },
    "storage_rank_ms": {
      "count": 160,
      "min": 0.688,
      "p50": 0.721,
      "p95": 1.038,
      "p99": 1.227,
      "max": 2.449,
      "mean": 0.769725
    },
    "theme_ms": {
      "count": 160,
      "min": 2.878,
      "p50": 3.42,
      "p95": 4.007,
      "p99": 4.153,
      "max": 4.439,
      "mean": 3.4587125
    },
    "vector_pipeline_ms": {
      "count": 160,
      "min": 10.259,
      "p50": 11.131,
      "p95": 12.471,
      "p99": 12.735,
      "max": 13.957,
      "mean": 11.32081875
    },
    "vector_storage_total_ms": {
      "count": 160,
      "min": 8.83,
      "p50": 9.612,
      "p95": 10.934,
      "p99": 11.273,
      "max": 12.432,
      "mean": 9.79959375
    },
    "vector_total_ms": {
      "count": 160,
      "min": 10.262,
      "p50": 11.134,
      "p95": 12.474,
      "p99": 12.738,
      "max": 13.96,
      "mean": 11.32370625
    }
  }
}
[probe] wrote /Users/manson/ai/eidolon/eidolon_memory/benchmarks/results/recall-concurrency-20261005/before-chat-graph-uncached.json
