{
  "count": 160,
  "degraded": 0,
  "stages_ms": {
    "chroma_query_ms": {
      "count": 160,
      "min": 3.876,
      "p50": 4.349,
      "p95": 4.646,
      "p99": 4.713,
      "max": 4.861,
      "mean": 4.3507875
    },
    "embedding_ms": {
      "count": 160,
      "min": 0.002,
      "p50": 0.003,
      "p95": 0.003,
      "p99": 0.004,
      "max": 0.004,
      "mean": 0.00255
    },
    "hnsw_probe_ms": {
      "count": 160,
      "min": 0.874,
      "p50": 1.049,
      "p95": 1.211,
      "p99": 1.353,
      "max": 1.402,
      "mean": 1.06406875
    },
    "kg_expand_ms": {
      "count": 160,
      "min": 0.092,
      "p50": 0.27,
      "p95": 0.69,
      "p99": 0.772,
      "max": 0.842,
      "mean": 0.367075
    },
    "kg_seed_ms": {
      "count": 160,
      "min": 0.532,
      "p50": 0.738,
      "p95": 0.923,
      "p99": 1.092,
      "max": 1.191,
      "mean": 0.75094375
    },
    "lexical_query_ms": {
      "count": 160,
      "min": 0.255,
      "p50": 0.43,
      "p95": 0.832,
      "p99": 0.965,
      "max": 1.026,
      "mean": 0.5090749999999999
    },
    "recall_total_ms": {
      "count": 160,
      "min": 11.504,
      "p50": 13.642,
      "p95": 14.49,
      "p99": 14.802,
      "max": 15.56,
      "mean": 13.45140625
    },
    "rerank_policy_ms": {
      "count": 160,
      "min": 0.969,
      "p50": 1.102,
      "p95": 1.21,
      "p99": 1.288,
      "max": 1.328,
      "mean": 1.10799375
    },
    "scope_resolution_ms": {
      "count": 160,
      "min": 0.005,
      "p50": 0.008,
      "p95": 0.012,
      "p99": 0.014,
      "max": 0.015,
      "mean": 0.0084125
    },
    "storage_open_ms": {
      "count": 160,
      "min": 0.759,
      "p50": 1.027,
      "p95": 1.322,
      "p99": 1.4,
      "max": 1.499,
      "mean": 1.0484
    },
    "storage_rank_ms": {
      "count": 160,
      "min": 0.625,
      "p50": 0.702,
      "p95": 0.784,
      "p99": 1.012,
      "max": 2.709,
      "mean": 0.72205625
    },
    "theme_ms": {
      "count": 160,
      "min": 2.902,
      "p50": 3.753,
      "p95": 4.302,
      "p99": 4.444,
      "max": 4.957,
      "mean": 3.7276875
    },
    "vector_pipeline_ms": {
      "count": 160,
      "min": 8.015,
      "p50": 9.282,
      "p95": 9.899,
      "p99": 10.081,
      "max": 11.357,
      "mean": 9.2479375
    },
    "vector_storage_total_ms": {
      "count": 160,
      "min": 6.683,
      "p50": 7.75,
      "p95": 8.337,
      "p99": 8.447,
      "max": 9.814,
      "mean": 7.72338125
    },
    "vector_total_ms": {
      "count": 160,
      "min": 8.017,
      "p50": 9.286,
      "p95": 9.902,
      "p99": 10.085,
      "max": 11.36,
      "mean": 9.25149375
    }
  }
}
[probe] wrote /Users/manson/ai/eidolon/eidolon_memory/benchmarks/results/recall-concurrency-20261005/before-voice-warm.json
