{
  "count": 160,
  "degraded": 0,
  "stages_ms": {
    "chroma_query_ms": {
      "count": 160,
      "min": 3.755,
      "p50": 4.004,
      "p95": 4.362,
      "p99": 4.462,
      "max": 4.571,
      "mean": 4.02285
    },
    "closet_query_ms": {
      "count": 160,
      "min": 0.152,
      "p50": 0.188,
      "p95": 0.272,
      "p99": 0.307,
      "max": 0.345,
      "mean": 0.2004625
    },
    "embedding_ms": {
      "count": 160,
      "min": 0.001,
      "p50": 0.002,
      "p95": 0.003,
      "p99": 0.003,
      "max": 0.004,
      "mean": 0.0019375
    },
    "hnsw_probe_ms": {
      "count": 160,
      "min": 0.563,
      "p50": 0.608,
      "p95": 0.746,
      "p99": 0.811,
      "max": 0.834,
      "mean": 0.624475
    },
    "kg_expand_ms": {
      "count": 160,
      "min": 0.003,
      "p50": 0.004,
      "p95": 0.006,
      "p99": 0.007,
      "max": 0.008,
      "mean": 0.0041625
    },
    "lexical_query_ms": {
      "count": 160,
      "min": 0.236,
      "p50": 0.341,
      "p95": 0.793,
      "p99": 0.829,
      "max": 1.03,
      "mean": 0.41925
    },
    "recall_total_ms": {
      "count": 160,
      "min": 10.246,
      "p50": 11.168,
      "p95": 13.122,
      "p99": 13.494,
      "max": 14.007,
      "mean": 11.4286625
    },
    "rerank_policy_ms": {
      "count": 160,
      "min": 0.927,
      "p50": 1.028,
      "p95": 1.133,
      "p99": 1.204,
      "max": 1.265,
      "mean": 1.03201875
    },
    "scope_resolution_ms": {
      "count": 160,
      "min": 0.005,
      "p50": 0.006,
      "p95": 0.01,
      "p99": 0.012,
      "max": 0.014,
      "mean": 0.0067125
    },
    "storage_open_ms": {
      "count": 160,
      "min": 0.699,
      "p50": 0.799,
      "p95": 1.106,
      "p99": 1.24,
      "max": 1.984,
      "mean": 0.8438125
    },
    "storage_rank_ms": {
      "count": 160,
      "min": 0.643,
      "p50": 0.679,
      "p95": 0.731,
      "p99": 0.775,
      "max": 2.367,
      "mean": 0.69340625
    },
    "theme_ms": {
      "count": 160,
      "min": 2.694,
      "p50": 3.049,
      "p95": 3.823,
      "p99": 4.143,
      "max": 4.151,
      "mean": 3.14320625
    },
    "vector_pipeline_ms": {
      "count": 160,
      "min": 7.45,
      "p50": 8.02,
      "p95": 9.17,
      "p99": 9.727,
      "max": 9.756,
      "mean": 8.19160625
    },
    "vector_storage_total_ms": {
      "count": 160,
      "min": 6.164,
      "p50": 6.69,
      "p95": 7.662,
      "p99": 8.025,
      "max": 8.381,
      "mean": 6.82814375
    },
    "vector_total_ms": {
      "count": 160,
      "min": 7.452,
      "p50": 8.022,
      "p95": 9.173,
      "p99": 9.731,
      "max": 9.76,
      "mean": 8.194175
    }
  }
}
[probe] wrote /Users/manson/ai/eidolon/eidolon_memory/benchmarks/results/recall-concurrency-20261005/before-chat-warm.json
