{
  "mode": "chat+kg",
  "sla": "PASS",
  "summary": {
    "count": 160,
    "errors": 0,
    "degraded": 0,
    "empty": 0,
    "latency_ms": {
      "count": 160,
      "min": 28.59241599799134,
      "p50": 32.04462499707006,
      "p95": 45.59770799824037,
      "p99": 49.81924999447074,
      "max": 74.4962500029942,
      "mean": 34.99159139364565
    },
    "successful_latency_ms": {
      "count": 160,
      "min": 28.59241599799134,
      "p50": 32.04462499707006,
      "p95": 45.59770799824037,
      "p99": 49.81924999447074,
      "max": 74.4962500029942,
      "mean": 34.99159139364565
    }
  },
  "warmup": {
    "count": 0,
    "errors": 0,
    "degraded": 0,
    "empty": 0,
    "latency_ms": {
      "count": 0,
      "p50": 0.0,
      "p95": 0.0,
      "p99": 0.0,
      "max": 0.0,
      "min": 0.0
    },
    "successful_latency_ms": {
      "count": 0,
      "p50": 0.0,
      "p95": 0.0,
      "p99": 0.0,
      "max": 0.0,
      "min": 0.0
    }
  }
}
