{
  "mode": "chat+kg",
  "sla": "PASS",
  "summary": {
    "count": 160,
    "errors": 0,
    "degraded": 0,
    "empty": 0,
    "latency_ms": {
      "count": 160,
      "min": 29.133582997019403,
      "p50": 31.274708002456464,
      "p95": 44.94554099801462,
      "p99": 45.90070800622925,
      "max": 71.31795800523832,
      "mean": 34.43310572529299
    },
    "successful_latency_ms": {
      "count": 160,
      "min": 29.133582997019403,
      "p50": 31.274708002456464,
      "p95": 44.94554099801462,
      "p99": 45.90070800622925,
      "max": 71.31795800523832,
      "mean": 34.43310572529299
    }
  },
  "warmup": {
    "count": 0,
    "errors": 0,
    "degraded": 0,
    "empty": 0,
    "latency_ms": {
      "count": 0,
      "p50": 0.0,
      "p95": 0.0,
      "p99": 0.0,
      "max": 0.0,
      "min": 0.0
    },
    "successful_latency_ms": {
      "count": 0,
      "p50": 0.0,
      "p95": 0.0,
      "p99": 0.0,
      "max": 0.0,
      "min": 0.0
    }
  }
}
