{
  "mode": "voice+kg",
  "sla": "FAIL",
  "summary": {
    "count": 160,
    "errors": 0,
    "degraded": 0,
    "empty": 0,
    "latency_ms": {
      "count": 160,
      "min": 71.26195800083224,
      "p50": 75.54883399279788,
      "p95": 207.6531659986358,
      "p99": 214.0031250019092,
      "max": 250.71325000317302,
      "mean": 107.97225130645529
    },
    "successful_latency_ms": {
      "count": 160,
      "min": 71.26195800083224,
      "p50": 75.54883399279788,
      "p95": 207.6531659986358,
      "p99": 214.0031250019092,
      "max": 250.71325000317302,
      "mean": 107.97225130645529
    }
  },
  "warmup": {
    "count": 0,
    "errors": 0,
    "degraded": 0,
    "empty": 0,
    "latency_ms": {
      "count": 0,
      "p50": 0.0,
      "p95": 0.0,
      "p99": 0.0,
      "max": 0.0,
      "min": 0.0
    },
    "successful_latency_ms": {
      "count": 0,
      "p50": 0.0,
      "p95": 0.0,
      "p99": 0.0,
      "max": 0.0,
      "min": 0.0
    }
  }
}
