{
  "mode": "voice+kg",
  "sla": "PASS",
  "summary": {
    "count": 160,
    "errors": 0,
    "degraded": 0,
    "empty": 0,
    "latency_ms": {
      "count": 160,
      "min": 28.910541004734114,
      "p50": 31.037207998451777,
      "p95": 44.43112500302959,
      "p99": 45.28429098718334,
      "max": 64.07308299094439,
      "mean": 33.924510462475155
    },
    "successful_latency_ms": {
      "count": 160,
      "min": 28.910541004734114,
      "p50": 31.037207998451777,
      "p95": 44.43112500302959,
      "p99": 45.28429098718334,
      "max": 64.07308299094439,
      "mean": 33.924510462475155
    }
  },
  "warmup": {
    "count": 0,
    "errors": 0,
    "degraded": 0,
    "empty": 0,
    "latency_ms": {
      "count": 0,
      "p50": 0.0,
      "p95": 0.0,
      "p99": 0.0,
      "max": 0.0,
      "min": 0.0
    },
    "successful_latency_ms": {
      "count": 0,
      "p50": 0.0,
      "p95": 0.0,
      "p99": 0.0,
      "max": 0.0,
      "min": 0.0
    }
  }
}
