{
  "mode": "voice+kg",
  "sla": "FAIL",
  "summary": {
    "count": 160,
    "errors": 0,
    "degraded": 0,
    "empty": 0,
    "latency_ms": {
      "count": 160,
      "min": 71.73312499071471,
      "p50": 75.32049999281298,
      "p95": 209.6998750057537,
      "p99": 225.48675000143703,
      "max": 231.96349998761434,
      "mean": 107.77223125714954
    },
    "successful_latency_ms": {
      "count": 160,
      "min": 71.73312499071471,
      "p50": 75.32049999281298,
      "p95": 209.6998750057537,
      "p99": 225.48675000143703,
      "max": 231.96349998761434,
      "mean": 107.77223125714954
    }
  },
  "warmup": {
    "count": 0,
    "errors": 0,
    "degraded": 0,
    "empty": 0,
    "latency_ms": {
      "count": 0,
      "p50": 0.0,
      "p95": 0.0,
      "p99": 0.0,
      "max": 0.0,
      "min": 0.0
    },
    "successful_latency_ms": {
      "count": 0,
      "p50": 0.0,
      "p95": 0.0,
      "p99": 0.0,
      "max": 0.0,
      "min": 0.0
    }
  }
}
