{
  "mode": "chat",
  "sla": "PASS",
  "summary": {
    "count": 160,
    "errors": 0,
    "degraded": 0,
    "empty": 0,
    "latency_ms": {
      "count": 160,
      "min": 23.230125007103197,
      "p50": 24.638041999423876,
      "p95": 37.6227920060046,
      "p99": 39.357875008136034,
      "max": 57.332041003974155,
      "mean": 27.65660031200241
    },
    "successful_latency_ms": {
      "count": 160,
      "min": 23.230125007103197,
      "p50": 24.638041999423876,
      "p95": 37.6227920060046,
      "p99": 39.357875008136034,
      "max": 57.332041003974155,
      "mean": 27.65660031200241
    }
  },
  "warmup": {
    "count": 8,
    "errors": 0,
    "degraded": 0,
    "empty": 0,
    "latency_ms": {
      "count": 8,
      "min": 26.38933299749624,
      "p50": 27.4878749914933,
      "p95": 38.65941699768882,
      "p99": 38.65941699768882,
      "max": 39.016915994579904,
      "mean": 30.922953121262253
    },
    "successful_latency_ms": {
      "count": 8,
      "min": 26.38933299749624,
      "p50": 27.4878749914933,
      "p95": 38.65941699768882,
      "p99": 38.65941699768882,
      "max": 39.016915994579904,
      "mean": 30.922953121262253
    }
  }
}
