{
  "mode": "voice+kg",
  "sla": "PASS",
  "summary": {
    "count": 160,
    "errors": 0,
    "degraded": 0,
    "empty": 0,
    "latency_ms": {
      "count": 160,
      "min": 28.975250010262243,
      "p50": 31.70970900100656,
      "p95": 45.94424999959301,
      "p99": 54.340916001820005,
      "max": 69.60245801019482,
      "mean": 35.072860649415816
    },
    "successful_latency_ms": {
      "count": 160,
      "min": 28.975250010262243,
      "p50": 31.70970900100656,
      "p95": 45.94424999959301,
      "p99": 54.340916001820005,
      "max": 69.60245801019482,
      "mean": 35.072860649415816
    }
  },
  "warmup": {
    "count": 0,
    "errors": 0,
    "degraded": 0,
    "empty": 0,
    "latency_ms": {
      "count": 0,
      "p50": 0.0,
      "p95": 0.0,
      "p99": 0.0,
      "max": 0.0,
      "min": 0.0
    },
    "successful_latency_ms": {
      "count": 0,
      "p50": 0.0,
      "p95": 0.0,
      "p99": 0.0,
      "max": 0.0,
      "min": 0.0
    }
  }
}
