{
  "mode": "chat",
  "sla": "FAIL",
  "summary": {
    "count": 160,
    "errors": 0,
    "degraded": 0,
    "empty": 0,
    "latency_ms": {
      "count": 160,
      "min": 66.65833300212398,
      "p50": 69.72220800525974,
      "p95": 201.01041700399946,
      "p99": 203.56141599768307,
      "max": 223.95412500191014,
      "mean": 101.68857451253643
    },
    "successful_latency_ms": {
      "count": 160,
      "min": 66.65833300212398,
      "p50": 69.72220800525974,
      "p95": 201.01041700399946,
      "p99": 203.56141599768307,
      "max": 223.95412500191014,
      "mean": 101.68857451253643
    }
  },
  "warmup": {
    "count": 8,
    "errors": 0,
    "degraded": 0,
    "empty": 0,
    "latency_ms": {
      "count": 8,
      "min": 70.44791699445341,
      "p50": 73.12183300382458,
      "p95": 199.63316699431743,
      "p99": 199.63316699431743,
      "max": 219.40604200062808,
      "mean": 107.04229699877033
    },
    "successful_latency_ms": {
      "count": 8,
      "min": 70.44791699445341,
      "p50": 73.12183300382458,
      "p95": 199.63316699431743,
      "p99": 199.63316699431743,
      "max": 219.40604200062808,
      "mean": 107.04229699877033
    }
  }
}
