{
  "mode": "voice+kg",
  "sla": "PASS",
  "summary": {
    "count": 160,
    "errors": 0,
    "degraded": 0,
    "empty": 0,
    "latency_ms": {
      "count": 160,
      "min": 25.132041992037557,
      "p50": 27.14441600255668,
      "p95": 40.65183299826458,
      "p99": 41.862707992549986,
      "max": 42.255125008523464,
      "mean": 29.866463563303114
    },
    "successful_latency_ms": {
      "count": 160,
      "min": 25.132041992037557,
      "p50": 27.14441600255668,
      "p95": 40.65183299826458,
      "p99": 41.862707992549986,
      "max": 42.255125008523464,
      "mean": 29.866463563303114
    }
  },
  "warmup": {
    "count": 8,
    "errors": 0,
    "degraded": 0,
    "empty": 0,
    "latency_ms": {
      "count": 8,
      "min": 28.17795799637679,
      "p50": 28.973375010536984,
      "p95": 40.779750008368865,
      "p99": 40.779750008368865,
      "max": 42.56624999106862,
      "mean": 32.48309387527115
    },
    "successful_latency_ms": {
      "count": 8,
      "min": 28.17795799637679,
      "p50": 28.973375010536984,
      "p95": 40.779750008368865,
      "p99": 40.779750008368865,
      "max": 42.56624999106862,
      "mean": 32.48309387527115
    }
  }
}
