{
  "mode": "chat+kg",
  "sla": "PASS",
  "summary": {
    "count": 160,
    "errors": 0,
    "degraded": 0,
    "empty": 0,
    "latency_ms": {
      "count": 160,
      "min": 71.94733301002998,
      "p50": 75.77670901082456,
      "p95": 209.55487500759773,
      "p99": 214.23383300134446,
      "max": 229.3447499978356,
      "mean": 107.79602938173412
    },
    "successful_latency_ms": {
      "count": 160,
      "min": 71.94733301002998,
      "p50": 75.77670901082456,
      "p95": 209.55487500759773,
      "p99": 214.23383300134446,
      "max": 229.3447499978356,
      "mean": 107.79602938173412
    }
  },
  "warmup": {
    "count": 0,
    "errors": 0,
    "degraded": 0,
    "empty": 0,
    "latency_ms": {
      "count": 0,
      "p50": 0.0,
      "p95": 0.0,
      "p99": 0.0,
      "max": 0.0,
      "min": 0.0
    },
    "successful_latency_ms": {
      "count": 0,
      "p50": 0.0,
      "p95": 0.0,
      "p99": 0.0,
      "max": 0.0,
      "min": 0.0
    }
  }
}
