{
  "mode": "chat",
  "sla": "FAIL",
  "summary": {
    "count": 160,
    "errors": 0,
    "degraded": 0,
    "empty": 0,
    "latency_ms": {
      "count": 160,
      "min": 70.88495799689554,
      "p50": 73.96100000187289,
      "p95": 208.4693749930011,
      "p99": 212.69145800033584,
      "max": 228.03745900455397,
      "mean": 106.49858047499947
    },
    "successful_latency_ms": {
      "count": 160,
      "min": 70.88495799689554,
      "p50": 73.96100000187289,
      "p95": 208.4693749930011,
      "p99": 212.69145800033584,
      "max": 228.03745900455397,
      "mean": 106.49858047499947
    }
  },
  "warmup": {
    "count": 0,
    "errors": 0,
    "degraded": 0,
    "empty": 0,
    "latency_ms": {
      "count": 0,
      "p50": 0.0,
      "p95": 0.0,
      "p99": 0.0,
      "max": 0.0,
      "min": 0.0
    },
    "successful_latency_ms": {
      "count": 0,
      "p50": 0.0,
      "p95": 0.0,
      "p99": 0.0,
      "max": 0.0,
      "min": 0.0
    }
  }
}
