{
  "mode": "chat+kg",
  "sla": "PASS",
  "summary": {
    "count": 160,
    "errors": 0,
    "degraded": 0,
    "empty": 0,
    "latency_ms": {
      "count": 160,
      "min": 24.6395419962937,
      "p50": 27.31820900226012,
      "p95": 41.19791599805467,
      "p99": 43.1919169932371,
      "max": 44.4904579926515,
      "mean": 30.150929680985428
    },
    "successful_latency_ms": {
      "count": 160,
      "min": 24.6395419962937,
      "p50": 27.31820900226012,
      "p95": 41.19791599805467,
      "p99": 43.1919169932371,
      "max": 44.4904579926515,
      "mean": 30.150929680985428
    }
  },
  "warmup": {
    "count": 8,
    "errors": 0,
    "degraded": 0,
    "empty": 0,
    "latency_ms": {
      "count": 8,
      "min": 28.48900000390131,
      "p50": 30.7662910054205,
      "p95": 41.78979201242328,
      "p99": 41.78979201242328,
      "max": 44.29762499057688,
      "mean": 33.847588623757474
    },
    "successful_latency_ms": {
      "count": 8,
      "min": 28.48900000390131,
      "p50": 30.7662910054205,
      "p95": 41.78979201242328,
      "p99": 41.78979201242328,
      "max": 44.29762499057688,
      "mean": 33.847588623757474
    }
  }
}
