{
  "mode": "chat",
  "sla": "PASS",
  "summary": {
    "count": 160,
    "errors": 0,
    "degraded": 0,
    "empty": 0,
    "latency_ms": {
      "count": 160,
      "min": 26.868582994211465,
      "p50": 28.571916991495527,
      "p95": 41.926125006284565,
      "p99": 44.01954099012073,
      "max": 71.4477080036886,
      "mean": 32.052202599152224
    },
    "successful_latency_ms": {
      "count": 160,
      "min": 26.868582994211465,
      "p50": 28.571916991495527,
      "p95": 41.926125006284565,
      "p99": 44.01954099012073,
      "max": 71.4477080036886,
      "mean": 32.052202599152224
    }
  },
  "warmup": {
    "count": 0,
    "errors": 0,
    "degraded": 0,
    "empty": 0,
    "latency_ms": {
      "count": 0,
      "p50": 0.0,
      "p95": 0.0,
      "p99": 0.0,
      "max": 0.0,
      "min": 0.0
    },
    "successful_latency_ms": {
      "count": 0,
      "p50": 0.0,
      "p95": 0.0,
      "p99": 0.0,
      "max": 0.0,
      "min": 0.0
    }
  }
}
