{
  "mode": "chat",
  "sla": "FAIL",
  "summary": {
    "count": 160,
    "errors": 0,
    "degraded": 0,
    "empty": 0,
    "latency_ms": {
      "count": 160,
      "min": 69.94712501182221,
      "p50": 74.08187500550412,
      "p95": 206.7021660041064,
      "p99": 208.10454100137576,
      "max": 224.13408299325965,
      "mean": 105.62193101304729
    },
    "successful_latency_ms": {
      "count": 160,
      "min": 69.94712501182221,
      "p50": 74.08187500550412,
      "p95": 206.7021660041064,
      "p99": 208.10454100137576,
      "max": 224.13408299325965,
      "mean": 105.62193101304729
    }
  },
  "warmup": {
    "count": 0,
    "errors": 0,
    "degraded": 0,
    "empty": 0,
    "latency_ms": {
      "count": 0,
      "p50": 0.0,
      "p95": 0.0,
      "p99": 0.0,
      "max": 0.0,
      "min": 0.0
    },
    "successful_latency_ms": {
      "count": 0,
      "p50": 0.0,
      "p95": 0.0,
      "p99": 0.0,
      "max": 0.0,
      "min": 0.0
    }
  }
}
