{
  "mode": "chat+kg",
  "sla": "PASS",
  "summary": {
    "count": 160,
    "errors": 0,
    "degraded": 0,
    "empty": 0,
    "latency_ms": {
      "count": 160,
      "min": 71.43224999890663,
      "p50": 75.788541988004,
      "p95": 210.39533299335744,
      "p99": 231.53470900433604,
      "max": 237.70958300156053,
      "mean": 108.1483895753081
    },
    "successful_latency_ms": {
      "count": 160,
      "min": 71.43224999890663,
      "p50": 75.788541988004,
      "p95": 210.39533299335744,
      "p99": 231.53470900433604,
      "max": 237.70958300156053,
      "mean": 108.1483895753081
    }
  },
  "warmup": {
    "count": 0,
    "errors": 0,
    "degraded": 0,
    "empty": 0,
    "latency_ms": {
      "count": 0,
      "p50": 0.0,
      "p95": 0.0,
      "p99": 0.0,
      "max": 0.0,
      "min": 0.0
    },
    "successful_latency_ms": {
      "count": 0,
      "p50": 0.0,
      "p95": 0.0,
      "p99": 0.0,
      "max": 0.0,
      "min": 0.0
    }
  }
}
