{
  "mode": "chat+kg",
  "sla": "PASS",
  "summary": {
    "count": 160,
    "errors": 0,
    "degraded": 0,
    "empty": 0,
    "latency_ms": {
      "count": 160,
      "min": 68.08220800303388,
      "p50": 71.71037499210797,
      "p95": 204.37058300012723,
      "p99": 206.6209170006914,
      "max": 225.9577920049196,
      "mean": 103.518659119527
    },
    "successful_latency_ms": {
      "count": 160,
      "min": 68.08220800303388,
      "p50": 71.71037499210797,
      "p95": 204.37058300012723,
      "p99": 206.6209170006914,
      "max": 225.9577920049196,
      "mean": 103.518659119527
    }
  },
  "warmup": {
    "count": 8,
    "errors": 0,
    "degraded": 0,
    "empty": 0,
    "latency_ms": {
      "count": 8,
      "min": 70.64995801192708,
      "p50": 72.37179200456012,
      "p95": 199.37862499500625,
      "p99": 199.37862499500625,
      "max": 226.0064159927424,
      "mean": 108.21340612164931
    },
    "successful_latency_ms": {
      "count": 8,
      "min": 70.64995801192708,
      "p50": 72.37179200456012,
      "p95": 199.37862499500625,
      "p99": 199.37862499500625,
      "max": 226.0064159927424,
      "mean": 108.21340612164931
    }
  }
}
