{
  "mode": "chat",
  "sla": "FAIL",
  "summary": {
    "count": 160,
    "errors": 0,
    "degraded": 0,
    "empty": 0,
    "latency_ms": {
      "count": 160,
      "min": 67.1403750020545,
      "p50": 71.99366598797496,
      "p95": 206.3882500078762,
      "p99": 222.9032500035828,
      "max": 243.73299999570008,
      "mean": 104.70394847488933
    },
    "successful_latency_ms": {
      "count": 160,
      "min": 67.1403750020545,
      "p50": 71.99366598797496,
      "p95": 206.3882500078762,
      "p99": 222.9032500035828,
      "max": 243.73299999570008,
      "mean": 104.70394847488933
    }
  },
  "warmup": {
    "count": 8,
    "errors": 0,
    "degraded": 0,
    "empty": 0,
    "latency_ms": {
      "count": 8,
      "min": 74.10304200311657,
      "p50": 74.8797080013901,
      "p95": 205.20891700289212,
      "p99": 205.20891700289212,
      "max": 209.28399999684189,
      "mean": 108.20890637660341
    },
    "successful_latency_ms": {
      "count": 8,
      "min": 74.10304200311657,
      "p50": 74.8797080013901,
      "p95": 205.20891700289212,
      "p99": 205.20891700289212,
      "max": 209.28399999684189,
      "mean": 108.20890637660341
    }
  }
}
