{
  "mode": "voice+kg",
  "sla": "FAIL",
  "summary": {
    "count": 160,
    "errors": 0,
    "degraded": 0,
    "empty": 0,
    "latency_ms": {
      "count": 160,
      "min": 67.86937499418855,
      "p50": 71.67333299003076,
      "p95": 206.6757080028765,
      "p99": 228.57087499869522,
      "max": 237.62454200186767,
      "mean": 104.45689897442207
    },
    "successful_latency_ms": {
      "count": 160,
      "min": 67.86937499418855,
      "p50": 71.67333299003076,
      "p95": 206.6757080028765,
      "p99": 228.57087499869522,
      "max": 237.62454200186767,
      "mean": 104.45689897442207
    }
  },
  "warmup": {
    "count": 8,
    "errors": 0,
    "degraded": 0,
    "empty": 0,
    "latency_ms": {
      "count": 8,
      "min": 72.13045899698045,
      "p50": 73.86749998840969,
      "p95": 200.16720799321774,
      "p99": 200.16720799321774,
      "max": 203.055875012069,
      "mean": 106.28203124724678
    },
    "successful_latency_ms": {
      "count": 8,
      "min": 72.13045899698045,
      "p50": 73.86749998840969,
      "p95": 200.16720799321774,
      "p99": 200.16720799321774,
      "max": 203.055875012069,
      "mean": 106.28203124724678
    }
  }
}
