{
  "mode": "chat+kg",
  "sla": "PASS",
  "summary": {
    "count": 160,
    "errors": 0,
    "degraded": 0,
    "empty": 0,
    "latency_ms": {
      "count": 160,
      "min": 68.34916600200813,
      "p50": 71.14195899339393,
      "p95": 206.2197499908507,
      "p99": 209.6481250046054,
      "max": 223.93829199427273,
      "mean": 103.60601973161465
    },
    "successful_latency_ms": {
      "count": 160,
      "min": 68.34916600200813,
      "p50": 71.14195899339393,
      "p95": 206.2197499908507,
      "p99": 209.6481250046054,
      "max": 223.93829199427273,
      "mean": 103.60601973161465
    }
  },
  "warmup": {
    "count": 8,
    "errors": 0,
    "degraded": 0,
    "empty": 0,
    "latency_ms": {
      "count": 8,
      "min": 71.87908299965784,
      "p50": 74.02045799244661,
      "p95": 201.6825000027893,
      "p99": 201.6825000027893,
      "max": 209.4825829990441,
      "mean": 107.53953637322411
    },
    "successful_latency_ms": {
      "count": 8,
      "min": 71.87908299965784,
      "p50": 74.02045799244661,
      "p95": 201.6825000027893,
      "p99": 201.6825000027893,
      "max": 209.4825829990441,
      "mean": 107.53953637322411
    }
  }
}
