{
  "mode": "chat+kg",
  "sla": "PASS",
  "summary": {
    "count": 160,
    "errors": 0,
    "degraded": 0,
    "empty": 0,
    "latency_ms": {
      "count": 160,
      "min": 25.41533298790455,
      "p50": 27.788958002929576,
      "p95": 41.52616699866485,
      "p99": 42.09191600966733,
      "max": 61.625792004633695,
      "mean": 30.508884131268132
    },
    "successful_latency_ms": {
      "count": 160,
      "min": 25.41533298790455,
      "p50": 27.788958002929576,
      "p95": 41.52616699866485,
      "p99": 42.09191600966733,
      "max": 61.625792004633695,
      "mean": 30.508884131268132
    }
  },
  "warmup": {
    "count": 8,
    "errors": 0,
    "degraded": 0,
    "empty": 0,
    "latency_ms": {
      "count": 8,
      "min": 28.101957999751903,
      "p50": 29.02766600891482,
      "p95": 41.22225000173785,
      "p99": 41.22225000173785,
      "max": 41.98845899372827,
      "mean": 32.61313000075461
    },
    "successful_latency_ms": {
      "count": 8,
      "min": 28.101957999751903,
      "p50": 29.02766600891482,
      "p95": 41.22225000173785,
      "p99": 41.22225000173785,
      "max": 41.98845899372827,
      "mean": 32.61313000075461
    }
  }
}
