{
  "mode": "chat",
  "sla": "PASS",
  "summary": {
    "count": 160,
    "errors": 0,
    "degraded": 0,
    "empty": 0,
    "latency_ms": {
      "count": 160,
      "min": 24.23974999692291,
      "p50": 25.28254099888727,
      "p95": 38.19841699441895,
      "p99": 40.167708008084446,
      "max": 59.369082999182865,
      "mean": 28.54070466801204
    },
    "successful_latency_ms": {
      "count": 160,
      "min": 24.23974999692291,
      "p50": 25.28254099888727,
      "p95": 38.19841699441895,
      "p99": 40.167708008084446,
      "max": 59.369082999182865,
      "mean": 28.54070466801204
    }
  },
  "warmup": {
    "count": 8,
    "errors": 0,
    "degraded": 0,
    "empty": 0,
    "latency_ms": {
      "count": 8,
      "min": 27.9596250038594,
      "p50": 28.516833001049235,
      "p95": 39.92012499656994,
      "p99": 39.92012499656994,
      "max": 41.51408400502987,
      "mean": 32.06631250213832
    },
    "successful_latency_ms": {
      "count": 8,
      "min": 27.9596250038594,
      "p50": 28.516833001049235,
      "p95": 39.92012499656994,
      "p99": 39.92012499656994,
      "max": 41.51408400502987,
      "mean": 32.06631250213832
    }
  }
}
