{
  "mode": "voice+kg",
  "sla": "FAIL",
  "summary": {
    "count": 160,
    "errors": 0,
    "degraded": 0,
    "empty": 0,
    "latency_ms": {
      "count": 160,
      "min": 67.53895799920429,
      "p50": 70.89950000226963,
      "p95": 204.98408300045412,
      "p99": 210.44762499514036,
      "max": 238.69033400842454,
      "mean": 103.4768945812175
    },
    "successful_latency_ms": {
      "count": 160,
      "min": 67.53895799920429,
      "p50": 70.89950000226963,
      "p95": 204.98408300045412,
      "p99": 210.44762499514036,
      "max": 238.69033400842454,
      "mean": 103.4768945812175
    }
  },
  "warmup": {
    "count": 8,
    "errors": 0,
    "degraded": 0,
    "empty": 0,
    "latency_ms": {
      "count": 8,
      "min": 71.11637499474455,
      "p50": 72.90879198990297,
      "p95": 199.21054199221544,
      "p99": 199.21054199221544,
      "max": 202.86008299444802,
      "mean": 105.14774999683141
    },
    "successful_latency_ms": {
      "count": 8,
      "min": 71.11637499474455,
      "p50": 72.90879198990297,
      "p95": 199.21054199221544,
      "p99": 199.21054199221544,
      "max": 202.86008299444802,
      "mean": 105.14774999683141
    }
  }
}
