{
  "mode": "voice+kg",
  "sla": "PASS",
  "summary": {
    "count": 160,
    "errors": 0,
    "degraded": 0,
    "empty": 0,
    "latency_ms": {
      "count": 160,
      "min": 24.800416998914443,
      "p50": 27.668750000884756,
      "p95": 41.07587500766385,
      "p99": 42.04816700075753,
      "max": 65.6217499927152,
      "mean": 30.573636749704747
    },
    "successful_latency_ms": {
      "count": 160,
      "min": 24.800416998914443,
      "p50": 27.668750000884756,
      "p95": 41.07587500766385,
      "p99": 42.04816700075753,
      "max": 65.6217499927152,
      "mean": 30.573636749704747
    }
  },
  "warmup": {
    "count": 8,
    "errors": 0,
    "degraded": 0,
    "empty": 0,
    "latency_ms": {
      "count": 8,
      "min": 27.756332987337373,
      "p50": 29.29254199261777,
      "p95": 40.665917011210695,
      "p99": 40.665917011210695,
      "max": 41.39554100402165,
      "mean": 32.46920824676636
    },
    "successful_latency_ms": {
      "count": 8,
      "min": 27.756332987337373,
      "p50": 29.29254199261777,
      "p95": 40.665917011210695,
      "p99": 40.665917011210695,
      "max": 41.39554100402165,
      "mean": 32.46920824676636
    }
  }
}
