{
  "mode": "chat",
  "sla": "PASS",
  "summary": {
    "count": 160,
    "errors": 0,
    "degraded": 0,
    "empty": 0,
    "latency_ms": {
      "count": 160,
      "min": 27.565333992242813,
      "p50": 28.774582999176346,
      "p95": 42.55637498863507,
      "p99": 43.17783300939482,
      "max": 43.487417002324946,
      "mean": 31.987863806352834
    },
    "successful_latency_ms": {
      "count": 160,
      "min": 27.565333992242813,
      "p50": 28.774582999176346,
      "p95": 42.55637498863507,
      "p99": 43.17783300939482,
      "max": 43.487417002324946,
      "mean": 31.987863806352834
    }
  },
  "warmup": {
    "count": 0,
    "errors": 0,
    "degraded": 0,
    "empty": 0,
    "latency_ms": {
      "count": 0,
      "p50": 0.0,
      "p95": 0.0,
      "p99": 0.0,
      "max": 0.0,
      "min": 0.0
    },
    "successful_latency_ms": {
      "count": 0,
      "p50": 0.0,
      "p95": 0.0,
      "p99": 0.0,
      "max": 0.0,
      "min": 0.0
    }
  }
}
