{
  "mode": "chat",
  "sla": "PASS",
  "summary": {
    "count": 160,
    "errors": 0,
    "degraded": 0,
    "empty": 0,
    "latency_ms": {
      "count": 160,
      "min": 47.83129200222902,
      "p50": 50.604207994183525,
      "p95": 117.46687500271946,
      "p99": 120.4042089957511,
      "max": 123.3350839902414,
      "mean": 66.27566955503426
    },
    "successful_latency_ms": {
      "count": 160,
      "min": 47.83129200222902,
      "p50": 50.604207994183525,
      "p95": 117.46687500271946,
      "p99": 120.4042089957511,
      "max": 123.3350839902414,
      "mean": 66.27566955503426
    }
  },
  "warmup": {
    "count": 0,
    "errors": 0,
    "degraded": 0,
    "empty": 0,
    "latency_ms": {
      "count": 0,
      "p50": 0.0,
      "p95": 0.0,
      "p99": 0.0,
      "max": 0.0,
      "min": 0.0
    },
    "successful_latency_ms": {
      "count": 0,
      "p50": 0.0,
      "p95": 0.0,
      "p99": 0.0,
      "max": 0.0,
      "min": 0.0
    }
  }
}
