{
  "mode": "voice+kg",
  "sla": "FAIL",
  "summary": {
    "count": 160,
    "errors": 0,
    "degraded": 0,
    "empty": 0,
    "latency_ms": {
      "count": 160,
      "min": 44.88087500794791,
      "p50": 48.0676669976674,
      "p95": 114.59220900724176,
      "p99": 118.7952499894891,
      "max": 160.0434169959044,
      "mean": 63.9364908751304
    },
    "successful_latency_ms": {
      "count": 160,
      "min": 44.88087500794791,
      "p50": 48.0676669976674,
      "p95": 114.59220900724176,
      "p99": 118.7952499894891,
      "max": 160.0434169959044,
      "mean": 63.9364908751304
    }
  },
  "warmup": {
    "count": 8,
    "errors": 0,
    "degraded": 0,
    "empty": 0,
    "latency_ms": {
      "count": 8,
      "min": 47.61387500911951,
      "p50": 48.89808299776632,
      "p95": 110.39345800236333,
      "p99": 110.39345800236333,
      "max": 113.17849998886231,
      "mean": 65.14813012472587
    },
    "successful_latency_ms": {
      "count": 8,
      "min": 47.61387500911951,
      "p50": 48.89808299776632,
      "p95": 110.39345800236333,
      "p99": 110.39345800236333,
      "max": 113.17849998886231,
      "mean": 65.14813012472587
    }
  }
}
