{
  "mode": "voice+kg",
  "sla": "FAIL",
  "summary": {
    "count": 160,
    "errors": 0,
    "degraded": 0,
    "empty": 0,
    "latency_ms": {
      "count": 160,
      "min": 48.806042002979666,
      "p50": 51.15174999809824,
      "p95": 117.39062500419095,
      "p99": 119.31266701139975,
      "max": 144.21654099714942,
      "mean": 66.89097006828888
    },
    "successful_latency_ms": {
      "count": 160,
      "min": 48.806042002979666,
      "p50": 51.15174999809824,
      "p95": 117.39062500419095,
      "p99": 119.31266701139975,
      "max": 144.21654099714942,
      "mean": 66.89097006828888
    }
  },
  "warmup": {
    "count": 0,
    "errors": 0,
    "degraded": 0,
    "empty": 0,
    "latency_ms": {
      "count": 0,
      "p50": 0.0,
      "p95": 0.0,
      "p99": 0.0,
      "max": 0.0,
      "min": 0.0
    },
    "successful_latency_ms": {
      "count": 0,
      "p50": 0.0,
      "p95": 0.0,
      "p99": 0.0,
      "max": 0.0,
      "min": 0.0
    }
  }
}
