{
  "mode": "chat+kg",
  "sla": "PASS",
  "summary": {
    "count": 160,
    "errors": 0,
    "degraded": 0,
    "empty": 0,
    "latency_ms": {
      "count": 160,
      "min": 49.890374997630715,
      "p50": 53.04208298912272,
      "p95": 121.00079099764116,
      "p99": 140.35837500705384,
      "max": 179.342582996469,
      "mean": 69.43268094910309
    },
    "successful_latency_ms": {
      "count": 160,
      "min": 49.890374997630715,
      "p50": 53.04208298912272,
      "p95": 121.00079099764116,
      "p99": 140.35837500705384,
      "max": 179.342582996469,
      "mean": 69.43268094910309
    }
  },
  "warmup": {
    "count": 0,
    "errors": 0,
    "degraded": 0,
    "empty": 0,
    "latency_ms": {
      "count": 0,
      "p50": 0.0,
      "p95": 0.0,
      "p99": 0.0,
      "max": 0.0,
      "min": 0.0
    },
    "successful_latency_ms": {
      "count": 0,
      "p50": 0.0,
      "p95": 0.0,
      "p99": 0.0,
      "max": 0.0,
      "min": 0.0
    }
  }
}
