{
  "mode": "voice+kg",
  "sla": "FAIL",
  "summary": {
    "count": 160,
    "errors": 0,
    "degraded": 0,
    "empty": 0,
    "latency_ms": {
      "count": 160,
      "min": 48.60129198641516,
      "p50": 51.079915996524505,
      "p95": 116.40295799588785,
      "p99": 119.22049999702722,
      "max": 120.22945900389459,
      "mean": 67.2935682435309
    },
    "successful_latency_ms": {
      "count": 160,
      "min": 48.60129198641516,
      "p50": 51.079915996524505,
      "p95": 116.40295799588785,
      "p99": 119.22049999702722,
      "max": 120.22945900389459,
      "mean": 67.2935682435309
    }
  },
  "warmup": {
    "count": 0,
    "errors": 0,
    "degraded": 0,
    "empty": 0,
    "latency_ms": {
      "count": 0,
      "p50": 0.0,
      "p95": 0.0,
      "p99": 0.0,
      "max": 0.0,
      "min": 0.0
    },
    "successful_latency_ms": {
      "count": 0,
      "p50": 0.0,
      "p95": 0.0,
      "p99": 0.0,
      "max": 0.0,
      "min": 0.0
    }
  }
}
