{
  "mode": "chat",
  "sla": "PASS",
  "summary": {
    "count": 160,
    "errors": 0,
    "degraded": 0,
    "empty": 0,
    "latency_ms": {
      "count": 160,
      "min": 43.62504099844955,
      "p50": 45.42270899401046,
      "p95": 111.28625000128523,
      "p99": 111.94437500671484,
      "max": 130.2202499937266,
      "mean": 61.270529974990495
    },
    "successful_latency_ms": {
      "count": 160,
      "min": 43.62504099844955,
      "p50": 45.42270899401046,
      "p95": 111.28625000128523,
      "p99": 111.94437500671484,
      "max": 130.2202499937266,
      "mean": 61.270529974990495
    }
  },
  "warmup": {
    "count": 8,
    "errors": 0,
    "degraded": 0,
    "empty": 0,
    "latency_ms": {
      "count": 8,
      "min": 46.577250002883375,
      "p50": 47.57974999665748,
      "p95": 109.39399999915622,
      "p99": 109.39399999915622,
      "max": 109.62991700216662,
      "mean": 63.706843875479535
    },
    "successful_latency_ms": {
      "count": 8,
      "min": 46.577250002883375,
      "p50": 47.57974999665748,
      "p95": 109.39399999915622,
      "p99": 109.39399999915622,
      "max": 109.62991700216662,
      "mean": 63.706843875479535
    }
  }
}
