{
  "mode": "chat",
  "sla": "PASS",
  "summary": {
    "count": 160,
    "errors": 0,
    "degraded": 0,
    "empty": 0,
    "latency_ms": {
      "count": 160,
      "min": 47.225290996721014,
      "p50": 50.09379200055264,
      "p95": 115.23737500829156,
      "p99": 118.18791700352449,
      "max": 131.84270799683873,
      "mean": 65.55602939997698
    },
    "successful_latency_ms": {
      "count": 160,
      "min": 47.225290996721014,
      "p50": 50.09379200055264,
      "p95": 115.23737500829156,
      "p99": 118.18791700352449,
      "max": 131.84270799683873,
      "mean": 65.55602939997698
    }
  },
  "warmup": {
    "count": 0,
    "errors": 0,
    "degraded": 0,
    "empty": 0,
    "latency_ms": {
      "count": 0,
      "p50": 0.0,
      "p95": 0.0,
      "p99": 0.0,
      "max": 0.0,
      "min": 0.0
    },
    "successful_latency_ms": {
      "count": 0,
      "p50": 0.0,
      "p95": 0.0,
      "p99": 0.0,
      "max": 0.0,
      "min": 0.0
    }
  }
}
