{
  "mode": "chat+kg",
  "sla": "PASS",
  "summary": {
    "count": 160,
    "errors": 0,
    "degraded": 0,
    "empty": 0,
    "latency_ms": {
      "count": 160,
      "min": 45.406582998111844,
      "p50": 46.93941699224524,
      "p95": 113.81266699754633,
      "p99": 115.61470800370444,
      "max": 132.37441700766794,
      "mean": 63.01171563109165
    },
    "successful_latency_ms": {
      "count": 160,
      "min": 45.406582998111844,
      "p50": 46.93941699224524,
      "p95": 113.81266699754633,
      "p99": 115.61470800370444,
      "max": 132.37441700766794,
      "mean": 63.01171563109165
    }
  },
  "warmup": {
    "count": 8,
    "errors": 0,
    "degraded": 0,
    "empty": 0,
    "latency_ms": {
      "count": 8,
      "min": 47.575374992447905,
      "p50": 48.90129099658225,
      "p95": 111.52375000528991,
      "p99": 111.52375000528991,
      "max": 111.89245799323544,
      "mean": 64.87105724772846
    },
    "successful_latency_ms": {
      "count": 8,
      "min": 47.575374992447905,
      "p50": 48.90129099658225,
      "p95": 111.52375000528991,
      "p99": 111.52375000528991,
      "max": 111.89245799323544,
      "mean": 64.87105724772846
    }
  }
}
