{
  "mode": "chat",
  "sla": "PASS",
  "summary": {
    "count": 160,
    "errors": 0,
    "degraded": 0,
    "empty": 0,
    "latency_ms": {
      "count": 160,
      "min": 43.99566700158175,
      "p50": 47.136709006736055,
      "p95": 114.18091700761579,
      "p99": 116.28941699746065,
      "max": 143.53425000444986,
      "mean": 63.2791643377459
    },
    "successful_latency_ms": {
      "count": 160,
      "min": 43.99566700158175,
      "p50": 47.136709006736055,
      "p95": 114.18091700761579,
      "p99": 116.28941699746065,
      "max": 143.53425000444986,
      "mean": 63.2791643377459
    }
  },
  "warmup": {
    "count": 8,
    "errors": 0,
    "degraded": 0,
    "empty": 0,
    "latency_ms": {
      "count": 8,
      "min": 49.669457992422394,
      "p50": 50.08250000537373,
      "p95": 115.8772089984268,
      "p99": 115.8772089984268,
      "max": 116.515415997128,
      "mean": 67.05753650021506
    },
    "successful_latency_ms": {
      "count": 8,
      "min": 49.669457992422394,
      "p50": 50.08250000537373,
      "p95": 115.8772089984268,
      "p99": 115.8772089984268,
      "max": 116.515415997128,
      "mean": 67.05753650021506
    }
  }
}
