{
  "mode": "voice+kg",
  "sla": "FAIL",
  "summary": {
    "count": 160,
    "errors": 0,
    "degraded": 0,
    "empty": 0,
    "latency_ms": {
      "count": 160,
      "min": 44.98083400540054,
      "p50": 48.6781250074273,
      "p95": 116.06633399787825,
      "p99": 118.1564580037957,
      "max": 138.6086249985965,
      "mean": 64.35708074432114
    },
    "successful_latency_ms": {
      "count": 160,
      "min": 44.98083400540054,
      "p50": 48.6781250074273,
      "p95": 116.06633399787825,
      "p99": 118.1564580037957,
      "max": 138.6086249985965,
      "mean": 64.35708074432114
    }
  },
  "warmup": {
    "count": 8,
    "errors": 0,
    "degraded": 0,
    "empty": 0,
    "latency_ms": {
      "count": 8,
      "min": 48.69683399738278,
      "p50": 50.24175001017284,
      "p95": 112.93562498758547,
      "p99": 112.93562498758547,
      "max": 114.23875000036787,
      "mean": 66.3631616262137
    },
    "successful_latency_ms": {
      "count": 8,
      "min": 48.69683399738278,
      "p50": 50.24175001017284,
      "p95": 112.93562498758547,
      "p99": 112.93562498758547,
      "max": 114.23875000036787,
      "mean": 66.3631616262137
    }
  }
}
