{
  "mode": "chat+kg",
  "sla": "PASS",
  "summary": {
    "count": 160,
    "errors": 0,
    "degraded": 0,
    "empty": 0,
    "latency_ms": {
      "count": 160,
      "min": 49.83312499825843,
      "p50": 52.429125003982335,
      "p95": 118.89004099066369,
      "p99": 121.28662501345389,
      "max": 141.3052499992773,
      "mean": 68.16224274380147
    },
    "successful_latency_ms": {
      "count": 160,
      "min": 49.83312499825843,
      "p50": 52.429125003982335,
      "p95": 118.89004099066369,
      "p99": 121.28662501345389,
      "max": 141.3052499992773,
      "mean": 68.16224274380147
    }
  },
  "warmup": {
    "count": 0,
    "errors": 0,
    "degraded": 0,
    "empty": 0,
    "latency_ms": {
      "count": 0,
      "p50": 0.0,
      "p95": 0.0,
      "p99": 0.0,
      "max": 0.0,
      "min": 0.0
    },
    "successful_latency_ms": {
      "count": 0,
      "p50": 0.0,
      "p95": 0.0,
      "p99": 0.0,
      "max": 0.0,
      "min": 0.0
    }
  }
}
