{
  "mode": "chat+kg",
  "sla": "PASS",
  "summary": {
    "count": 160,
    "errors": 0,
    "degraded": 0,
    "empty": 0,
    "latency_ms": {
      "count": 160,
      "min": 45.86987500078976,
      "p50": 48.603832998196594,
      "p95": 114.52620799536817,
      "p99": 116.77854099252727,
      "max": 134.72079100029077,
      "mean": 64.36575512470881
    },
    "successful_latency_ms": {
      "count": 160,
      "min": 45.86987500078976,
      "p50": 48.603832998196594,
      "p95": 114.52620799536817,
      "p99": 116.77854099252727,
      "max": 134.72079100029077,
      "mean": 64.36575512470881
    }
  },
  "warmup": {
    "count": 8,
    "errors": 0,
    "degraded": 0,
    "empty": 0,
    "latency_ms": {
      "count": 8,
      "min": 49.54925000492949,
      "p50": 50.367999996524304,
      "p95": 112.94070800067857,
      "p99": 112.94070800067857,
      "max": 114.27795900090132,
      "mean": 66.53696875036985
    },
    "successful_latency_ms": {
      "count": 8,
      "min": 49.54925000492949,
      "p50": 50.367999996524304,
      "p95": 112.94070800067857,
      "p99": 112.94070800067857,
      "max": 114.27795900090132,
      "mean": 66.53696875036985
    }
  }
}
